[FOXY_EVENT] {"type": "inspect", "text": "project=/Users/cos/asymptotic/agent/clients/mysten/sui"}
[FOXY_EVENT] {"type": "inspect", "text": "packages=['/Users/cos/asymptotic/agent/clients/mysten/sui/crates/sui-framework/packages/sui-system', '/Users/cos/asymptotic/agent/clients/mysten/sui/crates/sui-framework/packages/sui-system/specs']"}
[FOXY_EVENT] {"type": "inspect", "text": "=== SPEC SOURCE ==="}
[FOXY_EVENT] {"type": "inspect", "text": "#[spec(prove, target=staking_pool::join_staked_sui, ignore_abort)]\nfun join_staked_sui_spec(\n    self: &mut StakedSui,\n    other: StakedSui,\n) {\n    staking_pool::join_staked_sui(self, other)\n}"}
[FOXY_EVENT] {"type": "inspect", "text": "=== ATTRIBUTES ==="}
[FOXY_EVENT] {"type": "inspect", "text": "{'prove': True, 'skip': False, 'skip_reason': None, 'target': 'staking_pool::join_staked_sui', 'no_opaque': False, 'timeout': None, 'spec_only': False, 'focus': False, 'ignore_abort': True, 'uninterpreted': [], 'include': [], 'boogie_opt': [], 'extra_bpl': []}"}
[FOXY_EVENT] {"type": "inspect", "text": "=== TARGET KEYS ==="}
[FOXY_EVENT] {"type": "inspect", "text": "['qualified_name', 'module', 'function_name', 'file_path', 'line_start', 'line_end', 'visibility', 'is_entry', 'function_type', 'attributes', 'source']"}
[FOXY_EVENT] {"type": "inspect", "text": "=== TARGET SOURCE ==="}
[FOXY_EVENT] {"type": "inspect", "text": "#[allow(lint(public_entry))]\n/// Consume the staked sui `other` and add its value to `self`.\n/// Aborts if some of the staking parameters are incompatible (pool id, stake activation epoch, etc.)\npublic entry fun join_staked_sui(self: &mut StakedSui, other: StakedSui) {\n    assert!(is_equal_staking_metadata(self, &other), EIncompatibleStakedSui);\n    let StakedSui { id, principal, .. } = other;\n\n    id.delete();\n    self.principal.join(principal);\n}"}
[FOXY_EVENT] {"type": "inspect", "text": "file: /Users/cos/asymptotic/agent/clients/mysten/sui/crates/sui-framework/packages/sui-system/sources/staking_pool.move"}
[FOXY_EVENT] {"type": "inspect", "text": "=== CALLEES ==="}
[FOXY_EVENT] {"type": "inspect", "text": "[]"}
[FOXY_EVENT] {"type": "file_op", "op": "grep", "label": "fun is_equal_staking_metadata in *.move"}
[FOXY_EVENT] {"type": "inspect", "text": "sources/staking_pool.move:587:public fun is_equal_staking_metadata(self: &StakedSui, other: &StakedSui): bool {\nspecs/sources/staking_pool_specs.move:42:fun is_equal_staking_metadata_spec("}
[FOXY_EVENT] {"type": "file_op", "op": "grep", "label": "public struct StakedSui in *.move"}
[FOXY_EVENT] {"type": "inspect", "text": "sources/staking_pool.move:75:public struct StakedSui has key, store {"}
[FOXY_EVENT] {"type": "file_op", "op": "read", "label": "crates/sui-framework/packages/sui-system/sources/staking_pool.move:75-95"}
[FOXY_EVENT] {"type": "inspect", "text": "public struct StakedSui has key, store {\n    id: UID,\n    /// ID of the staking pool we are staking with.\n    pool_id: ID,\n    /// The epoch at which the stake becomes active.\n    stake_activation_epoch: u64,\n    /// The staked SUI tokens.\n    principal: Balance<SUI>,\n}\n\n/// An alternative to `StakedSui` that holds the pool token amount instead of the SUI balance.\n/// StakedSui objects can be converted to FungibleStakedSuis after the initial warmup period.\n/// The advantage of this is that you can now merge multiple StakedSui objects from different\n/// activation epochs into a single FungibleStakedSui object.\npublic struct FungibleStakedSui has key, store {\n    id: UID,\n    /// ID of the staking pool we are staking with.\n    pool_id: ID,\n    /// The pool token amount.\n    value: u64,\n}\n"}
[FOXY_EVENT] {"type": "inspect", "text": "=== is_equal_staking_metadata ==="}
[FOXY_EVENT] {"type": "file_op", "op": "read", "label": "crates/sui-framework/packages/sui-system/sources/staking_pool.move:585-610"}
[FOXY_EVENT] {"type": "inspect", "text": "\n/// Returns true if all the staking parameters of the staked sui except the principal are identical\npublic fun is_equal_staking_metadata(self: &StakedSui, other: &StakedSui): bool {\n    (self.pool_id == other.pool_id) &&\n    (self.stake_activation_epoch == other.stake_activation_epoch)\n}\n\npublic fun pool_token_exchange_rate_at_epoch(\n    pool: &StakingPool,\n    epoch: u64,\n): PoolTokenExchangeRate {\n    // If the pool is preactive then the exchange rate is always 1:1.\n    if (pool.is_preactive_at_epoch(epoch)) {\n        return initial_exchange_rate()\n    };\n    let clamped_epoch = pool.deactivation_epoch.get_with_default(epoch);\n    let mut epoch = clamped_epoch.min(epoch);\n    let activation_epoch = *pool.activation_epoch.borrow();\n\n    // Find the latest epoch that's earlier than the given epoch with an entry in the table\n    while (epoch >= activation_epoch) {\n        if (pool.exchange_rates.contains(epoch)) {\n            return pool.exchange_rates[epoch]\n        };\n        epoch = epoch - 1;\n    };\n"}
[FOXY_EVENT] {"type": "file_op", "op": "grep", "label": "public fun join in *balance*.move"}
[FOXY_EVENT] {"type": "inspect", "text": "crates/sui-framework/packages/sui-framework/sources/balance.move:76:public fun join<T>(self: &mut Balance<T>, balance: Balance<T>): u64 {"}
[FOXY_EVENT] {"type": "file_op", "op": "read", "label": "crates/sui-framework/packages/sui-framework/sources/balance.move:76-85"}
[FOXY_EVENT] {"type": "inspect", "text": "public fun join<T>(self: &mut Balance<T>, balance: Balance<T>): u64 {\n    let Balance { value } = balance;\n    self.value = self.value + value;\n    self.value\n}\n\n/// Split a `Balance` and take a sub balance from it.\npublic fun split<T>(self: &mut Balance<T>, value: u64): Balance<T> {\n    assert!(self.value >= value, ENotEnough);\n    self.value = self.value - value;\n"}
[FOXY_EVENT] {"type": "file_op", "op": "read", "label": "crates/sui-framework/packages/sui-system/specs/sources/staking_pool_specs.move:1-70"}
[FOXY_EVENT] {"type": "inspect", "text": "module specs::staking_pool_specs;\n\nuse sui::tx_context::TxContext;\n\nuse sui_system::staking_pool::PoolTokenExchangeRate;\n\nuse sui_system::staking_pool::StakingPool;\n\nuse sui_system::staking_pool::StakedSui;\n\nuse sui_system::staking_pool;\nuse sui_system::staking_pool::FungibleStakedSui;\nuse sui::object::ID;\n\n#[spec_only]\nuse prover::prover::{asserts, ensures};\n#[spec_only]\nuse prover::ghost;\n#[spec_only]\nuse specs::transfer_spec::{SpecTransferAddress, SpecTransferAddressExists};\n\nconst MIN_STAKING_THRESHOLD: u64 = 1_000_000_000;\n\n// @VERIFY(\ud83d\udee1\ufe0f/\u2705)\n#[spec(prove, target=staking_pool::fungible_staked_sui_pool_id, no_opaque)]\nfun fungible_staked_sui_pool_id_spec(\n    fungible_staked_sui: &FungibleStakedSui,\n): ID {\n    staking_pool::fungible_staked_sui_pool_id(fungible_staked_sui)\n}\n\n// @VERIFY(\ud83d\udee1\ufe0f/\u2705)\n#[spec(prove, target=staking_pool::fungible_staked_sui_value, no_opaque)]\nfun fungible_staked_sui_value_spec(\n    fungible_staked_sui: &FungibleStakedSui,\n): u64 {\n    staking_pool::fungible_staked_sui_value(fungible_staked_sui)\n}\n\n// @VERIFY(\u2699\ufe0f/\u2705)\n#[spec(prove, target=staking_pool::is_equal_staking_metadata)]\nfun is_equal_staking_metadata_spec(\n    self: &StakedSui,\n    other: &StakedSui,\n): bool {\n    let result = staking_pool::is_equal_staking_metadata(self, other);\n    ensures(result == (\n        (staking_pool::pool_id(self) == staking_pool::pool_id(other)) &&\n        (staking_pool::stake_activation_epoch(self) == staking_pool::stake_activation_epoch(other))\n    ));\n    result\n}\n\n// @VERIFY(\ud83d\udee1\ufe0f/\u2705)\n#[spec(prove, target=staking_pool::is_inactive)]\nfun is_inactive_spec(\n    pool: &StakingPool,\n): bool {\n    staking_pool::is_inactive(pool)\n}\n\n// @VERIFY(\u2699\ufe0f/\u2705)\n#[spec(prove, target=staking_pool::is_preactive)]\nfun is_preactive_spec(\n    pool: &StakingPool,\n): bool {\n    let result = staking_pool::is_preactive(pool);\n    ensures(result == staking_pool::activation_epoch(pool).is_none());\n    result\n}\n"}
[FOXY_EVENT] {"type": "file_op", "op": "grep", "label": "join_staked_sui_spec in staking_pool_specs.move"}
[FOXY_EVENT] {"type": "inspect", "text": ""}
[FOXY_EVENT] {"type": "inspect", "text": "=== accessors for principal value ==="}
[FOXY_EVENT] {"type": "file_op", "op": "grep", "label": "staked_sui_amount in staking_pool.move"}
[FOXY_EVENT] {"type": "inspect", "text": ""}
[FOXY_EVENT] {"type": "file_op", "op": "grep", "label": "fun pool_id|fun stake_activation_epoch in staking_pool.move"}
[FOXY_EVENT] {"type": "inspect", "text": ""}
[FOXY_EVENT] {"type": "file_op", "op": "grep", "label": "join_staked_sui in staking_pool_specs.move"}
[FOXY_EVENT] {"type": "inspect", "text": ""}
[FOXY_EVENT] {"type": "inspect", "text": "=== amount/principal accessors ==="}
[FOXY_EVENT] {"type": "file_op", "op": "grep", "label": "staked_sui_amount|fun amount|principal in staking_pool.move"}
[FOXY_EVENT] {"type": "inspect", "text": ""}
[FOXY_EVENT] {"type": "inspect", "text": "46:    /// The total number of SUI tokens in this pool, including the SUI in the rewards_pool, as well as in all the principal\n60:    /// This includes both the principal and rewards SUI withdrawn.\n82:    principal: Balance<SUI>,\n102:    /// principal balance. Rewards are withdrawn from the reward pool\n103:    principal: Balance<SUI>,\n150:        principal: stake,\n155:/// Both the principal and corresponding rewards in SUI are withdrawn.\n166:        let principal = staked_sui.into_balance();\n167:        pool.pending_stake = pool.pending_stake - principal.value();\n168:        return principal\n171:    let (pool_token_withdraw_amount, mut principal_withdraw) = pool.withdraw_from_principal(\n174:    let principal_withdraw_amount = principal_withdraw.value();\n177:        principal_withdraw_amount,\n181:    let total_sui_withdraw_amount = principal_withdraw_amount + rewards_withdraw.value();\n191:    principal_withdraw.join(rewards_withdraw);\n192:    principal_withdraw\n210:        principal_amount,\n214:        fungible_staked_sui_data.principal.value(),\n220:    let mut sui_out = fungible_staked_sui_data.principal.split(principal_amount);\n230:/// returns (principal_withdraw_amount, rewards_withdraw_amount)\n234:    fungible_staked_sui_data_principal_amount: u64, // fungible_staked_sui_data.principal.value()\n243:    let fungible_staked_sui_data_principal_amount = fungible_staked_sui_data_principal_amount.min(\n248:    let total_rewards = total_sui_amount - fungible_staked_sui_data_principal_amount;\n251:    let principal_withdraw_amount = mul_div!(\n253:        fungible_staked_sui_data_principal_amount,\n266:        principal_withdraw_amount + rewards_withdraw_amount <= expected_sui_amount,\n270:    (principal_withdraw_amount, rewards_withdraw_amount)\n279:    let StakedSui { id, pool_id, stake_activation_epoch, principal } = staked_sui;\n291:    let pool_token_amount = exchange_rate_at_staking_epoch.get_token_amount(principal.value());\n304:                    principal,\n311:        fungible_staked_sui_data.principal.join(principal);\n321:/// Withdraw the principal SUI stored in the StakedSui object, and calculate the corresponding amount of pool\n323:/// Returns values are amount of pool tokens withdrawn and withdrawn principal portion of SUI.\n324:public(package) fun withdraw_from_principal(\n332:    let principal_withdraw = staked_sui.into_balance();\n333:    let pool_token_withdraw_amount = exchange_rate_at_staking_epoch.get_token_amount(principal_withdraw.value());\n335:    (pool_token_withdraw_amount, principal_withdraw)\n342:    let StakedSui { id, principal, .. } = staked_sui;\n344:    principal\n418:///     1. Calculates the total amount of SUI (including principal and rewards) that the provided pool tokens represent\n420:///     2. Using the above number and the given `principal_withdraw_amount`, calculates the rewards portion of the\n423:///        portion because the principal portion was already taken out of the staker's self custodied StakedSui.\n426:    principal_withdraw_amount: u64,\n432:    let mut reward_withdraw_amount = if (total_sui_withdraw_amount >= principal_withdraw_amount) {\n433:        total_sui_withdraw_amount - principal_withdraw_amount\n479:/// Allows calling `.amount()` on `StakedSui` to invoke `staked_sui_amount`\n480:public use fun staked_sui_amount as StakedSui.amount;\n482:/// Returns the principal amount of `StakedSui`.\n483:public fun staked_sui_amount(staked_sui: &StakedSui): u64 { staked_sui.principal.value() }\n544:/// Split StakedSui `self` to two parts, one with principal `split_amount`,\n545:/// and the remaining principal is left in `self`.\n548:    let original_amount = self.principal.value();\n558:        principal: self.principal.split(split_amount),\n566:/// Split the given StakedSui to the two parts, one with principal `split_amount`,\n580:    let StakedSui { id, principal, .. } = other;\n583:    self.principal.join(principal);\n586:/// Returns true if all the staking parameters of the staked sui except the principal are identical\n722:public use fun fungible_staked_sui_data_principal_value as FungibleStakedSuiData.principal_value;\n725:public(package) fun fungible_staked_sui_data_principal_value(\n728:    fungible_staked_sui_data.principal.value()\n783:    mut fungible_staked_sui_data_principal_frac: u16,\n791:    fungible_staked_sui_data_principal_frac = fungible_staked_sui_data_principal_frac % 10_000;\n812:    let max_principal = exchange_rate.get_sui_amount(fungible_staked_sui_data_total_supply);\n813:    let fungible_staked_sui_data_principal_amount = mul_div!(\n814:        max_principal,\n815:        fungible_staked_sui_data_principal_frac as u64,\n819:    let (principal_amount, rewards_amount) = calculate_fungible_staked_sui_withdraw_amount(\n822:        fungible_staked_sui_data_principal_amount,\n828:    assert!(principal_amount + rewards_amount <= expected_out, 0);\n831:    assert!(principal_amount + rewards_amount >= min_out, 0);\n"}
[FOXY_EVENT] {"type": "inspect", "text": "27:const EIncompatibleStakedSui: u64 = 12;\n471:public fun pool_id(staked_sui: &StakedSui): ID { staked_sui.pool_id }\n480:public use fun staked_sui_amount as StakedSui.amount;\n483:public fun staked_sui_amount(staked_sui: &StakedSui): u64 { staked_sui.principal.value() }\n485:public use fun stake_activation_epoch as StakedSui.activation_epoch;\n488:public fun stake_activation_epoch(staked_sui: &StakedSui): u64 {\n579:    assert!(is_equal_staking_metadata(self, &other), EIncompatibleStakedSui);\n"}
[FOXY_EVENT] {"type": "file_op", "op": "read", "label": "crates/sui-framework/packages/sui-system/specs/sources/staking_pool_specs.move:40-55"}
[FOXY_EVENT] {"type": "inspect", "text": "// @VERIFY(\u2699\ufe0f/\u2705)\n#[spec(prove, target=staking_pool::is_equal_staking_metadata)]\nfun is_equal_staking_metadata_spec(\n    self: &StakedSui,\n    other: &StakedSui,\n): bool {\n    let result = staking_pool::is_equal_staking_metadata(self, other);\n    ensures(result == (\n        (staking_pool::pool_id(self) == staking_pool::pool_id(other)) &&\n        (staking_pool::stake_activation_epoch(self) == staking_pool::stake_activation_epoch(other))\n    ));\n    result\n}\n\n// @VERIFY(\ud83d\udee1\ufe0f/\u2705)\n#[spec(prove, target=staking_pool::is_inactive)]\n"}
[FOXY_EVENT] {"type": "inspect", "text": "     196 crates/sui-framework/packages/sui-system/specs/sources/staking_pool_specs.move\n"}
[FOXY_EVENT] {"type": "file_op", "op": "edit", "label": "crates/sui-framework/packages/sui-system/specs/sources/staking_pool_specs.move"}
[FOXY_EVENT] {"type": "diff", "lines": [["+", null, ""], ["+", null, "// @VERIFY(\ud83d\udee1\ufe0f/\u2705)"], ["+", null, "#[spec(prove, target=staking_pool::join_staked_sui)]"], ["+", null, "fun join_staked_sui_spec("], ["+", null, "    self: &mut StakedSui,"], ["+", null, "    other: StakedSui,"], ["+", null, ") {"], ["+", null, "    asserts(staking_pool::is_equal_staking_metadata(self, &other));"], ["+", null, "    asserts("], ["+", null, "        staking_pool::staked_sui_amount(self)"], ["+", null, "            .to_int()"], ["+", null, "            .add(staking_pool::staked_sui_amount(&other).to_int())"], ["+", null, "            .lte(std::u64::max_value!().to_int()),"], ["+", null, "    );"], ["+", null, "    staking_pool::join_staked_sui(self, other)"], ["+", null, "}"]]}
[FOXY_EVENT] {"type": "inspect", "text": "inserted"}
[FOXY_EVENT] {"type": "inspect", "text": "<class 'NoneType'>"}
[FOXY_EVENT] {"type": "inspect", "text": "None"}
[FOXY_EVENT] {"type": "inspect", "text": "#1 prove-from-scratch/improve/attempt-1 (1 items) [running] 1209s"}
[FOXY_EVENT] {"type": "inspect", "text": "#36 prove-is_inactive_spec [error] 472s"}
[FOXY_EVENT] {"type": "inspect", "text": "#37 prove-is_inactive_spec [done] 472s"}
[FOXY_EVENT] {"type": "inspect", "text": "#38 sui-prover: specs [done] 468s"}
[FOXY_EVENT] {"type": "inspect", "text": "#39 sui-prover: specs [done] 461s"}
[FOXY_EVENT] {"type": "inspect", "text": "#40 prove-is_preactive [error] 390s"}
[FOXY_EVENT] {"type": "inspect", "text": "#41 prove-is_preactive [done] 390s"}
[FOXY_EVENT] {"type": "inspect", "text": "#42 sui-prover: specs [done] 387s"}
[FOXY_EVENT] {"type": "inspect", "text": "#43 prove-is_preactive [error] 381s"}
[FOXY_EVENT] {"type": "inspect", "text": "#44 prove-is_preactive [done] 381s"}
[FOXY_EVENT] {"type": "inspect", "text": "#45 sui-prover: specs [done] 378s"}
[FOXY_EVENT] {"type": "inspect", "text": "#46 prove-join-fungible [error] 261s"}
[FOXY_EVENT] {"type": "inspect", "text": "#47 prove-join-fungible [done] 261s"}
[FOXY_EVENT] {"type": "inspect", "text": "#48 sui-prover: specs [error] 258s"}
[FOXY_EVENT] {"type": "inspect", "text": "#49 prove-join-fungible-2 [error] 194s"}
[FOXY_EVENT] {"type": "inspect", "text": "#50 sui-prover: specs [error] 191s"}
[FOXY_EVENT] {"type": "inspect", "text": "#51 sui-prover: specs [error] 189s"}
[FOXY_EVENT] {"type": "inspect", "text": "#52 sui-prover: specs [error] 168s"}
[FOXY_EVENT] {"type": "inspect", "text": "#53 sui-prover: specs [done] 159s"}
[FOXY_EVENT] {"type": "inspect", "text": "#54 sui-prover: specs [done] 150s"}
[FOXY_EVENT] {"type": "inspect", "text": "#55 sui-prover: specs [done] 147s"}
[FOXY_EVENT] {"type": "inspect", "text": "#56 prove-join_staked_sui [error] 6s"}
[FOXY_EVENT] {"type": "inspect", "text": "#57 prove-join_staked_sui [running] 6s"}
[FOXY_EVENT] {"type": "inspect", "text": "#58 sui-prover: specs [error] 2s"}
Running: sui-prover --cloud --timeout 60 --force-timeout --functions join_staked_sui_spec
Working directory: /Users/cos/asymptotic/agent/clients/mysten/sui/crates/sui-framework/packages/sui-system/specs

[FOXY_EVENT] {"type": "inspect", "text": "status=success exit_code=0"}
[FOXY_EVENT] {"type": "inspect", "text": "\ud83d\udd04 staking_pool_specs::join_staked_sui_spec_Check\n\ud83d\udd04 staking_pool_specs::join_staked_sui_spec_Assume\n\ud83d\udd04 staking_pool_specs::join_staked_sui_spec_SpecNoAbortCheck\n\u2705 staking_pool_specs::join_staked_sui_spec_SpecNoAbortCheck\n\u2705 staking_pool_specs::join_staked_sui_spec_Assume\n\u2705 staking_pool_specs::join_staked_sui_spec_Check\nVerification successful"}
[FOXY_EVENT] {"type": "file_op", "op": "grep", "label": "join_staked_sui_spec in staking_pool_specs.move"}
[FOXY_EVENT] {"type": "inspect", "text": ""}
[FOXY_EVENT] {"type": "file_op", "op": "read", "label": "crates/sui-framework/packages/sui-system/specs/sources/staking_pool_specs.move:56-80"}
[FOXY_EVENT] {"type": "inspect", "text": "fun join_staked_sui_spec(\n    self: &mut StakedSui,\n    other: StakedSui,\n) {\n    asserts(staking_pool::is_equal_staking_metadata(self, &other));\n    asserts(\n        staking_pool::staked_sui_amount(self)\n            .to_int()\n            .add(staking_pool::staked_sui_amount(&other).to_int())\n            .lte(std::u64::max_value!().to_int()),\n    );\n    staking_pool::join_staked_sui(self, other)\n}\n\n// @VERIFY(\ud83d\udee1\ufe0f/\u2705)\n#[spec(prove, target=staking_pool::is_inactive)]\nfun is_inactive_spec(\n    pool: &StakingPool,\n): bool {\n    staking_pool::is_inactive(pool)\n}\n\n// @VERIFY(\u2699\ufe0f/\u2705)\n#[spec(prove, target=staking_pool::is_preactive)]\nfun is_preactive_spec(\n"}
