project=/Users/cos/asymptotic/agent/clients/mysten/sui
packages=['/Users/cos/asymptotic/agent/clients/mysten/sui/crates/sui-framework/packages/sui-system', '/Users/cos/asymptotic/agent/clients/mysten/sui/crates/sui-framework/packages/sui-system/specs']
=== SPEC SOURCE ===
#[spec(prove, target=staking_pool::join_staked_sui, ignore_abort)]
fun join_staked_sui_spec(
    self: &mut StakedSui,
    other: StakedSui,
) {
    staking_pool::join_staked_sui(self, other)
}
=== ATTRIBUTES ===
{'prove': True, 'skip': False, 'skip_reason': None, 'target': 'staking_pool::join_staked_sui', 'no_opaque': False, 'timeout': None, 'spec_only': False, 'focus': False, 'ignore_abort': True, 'uninterpreted': [], 'include': [], 'boogie_opt': [], 'extra_bpl': []}
=== TARGET KEYS ===
['qualified_name', 'module', 'function_name', 'file_path', 'line_start', 'line_end', 'visibility', 'is_entry', 'function_type', 'attributes', 'source']
=== TARGET SOURCE ===
#[allow(lint(public_entry))]
/// Consume the staked sui `other` and add its value to `self`.
/// Aborts if some of the staking parameters are incompatible (pool id, stake activation epoch, etc.)
public entry fun join_staked_sui(self: &mut StakedSui, other: StakedSui) {
    assert!(is_equal_staking_metadata(self, &other), EIncompatibleStakedSui);
    let StakedSui { id, principal, .. } = other;

    id.delete();
    self.principal.join(principal);
}
file: /Users/cos/asymptotic/agent/clients/mysten/sui/crates/sui-framework/packages/sui-system/sources/staking_pool.move
=== CALLEES ===
[]
sources/staking_pool.move:587:public fun is_equal_staking_metadata(self: &StakedSui, other: &StakedSui): bool {
specs/sources/staking_pool_specs.move:42:fun is_equal_staking_metadata_spec(
sources/staking_pool.move:75:public struct StakedSui has key, store {
public struct StakedSui has key, store {
    id: UID,
    /// ID of the staking pool we are staking with.
    pool_id: ID,
    /// The epoch at which the stake becomes active.
    stake_activation_epoch: u64,
    /// The staked SUI tokens.
    principal: Balance<SUI>,
}

/// An alternative to `StakedSui` that holds the pool token amount instead of the SUI balance.
/// StakedSui objects can be converted to FungibleStakedSuis after the initial warmup period.
/// The advantage of this is that you can now merge multiple StakedSui objects from different
/// activation epochs into a single FungibleStakedSui object.
public struct FungibleStakedSui has key, store {
    id: UID,
    /// ID of the staking pool we are staking with.
    pool_id: ID,
    /// The pool token amount.
    value: u64,
}

=== is_equal_staking_metadata ===

/// Returns true if all the staking parameters of the staked sui except the principal are identical
public fun is_equal_staking_metadata(self: &StakedSui, other: &StakedSui): bool {
    (self.pool_id == other.pool_id) &&
    (self.stake_activation_epoch == other.stake_activation_epoch)
}

public fun pool_token_exchange_rate_at_epoch(
    pool: &StakingPool,
    epoch: u64,
): PoolTokenExchangeRate {
    // If the pool is preactive then the exchange rate is always 1:1.
    if (pool.is_preactive_at_epoch(epoch)) {
        return initial_exchange_rate()
    };
    let clamped_epoch = pool.deactivation_epoch.get_with_default(epoch);
    let mut epoch = clamped_epoch.min(epoch);
    let activation_epoch = *pool.activation_epoch.borrow();

    // Find the latest epoch that's earlier than the given epoch with an entry in the table
    while (epoch >= activation_epoch) {
        if (pool.exchange_rates.contains(epoch)) {
            return pool.exchange_rates[epoch]
        };
        epoch = epoch - 1;
    };
crates/sui-framework/packages/sui-framework/sources/balance.move:76:public fun join<T>(self: &mut Balance<T>, balance: Balance<T>): u64 {
public fun join<T>(self: &mut Balance<T>, balance: Balance<T>): u64 {
    let Balance { value } = balance;
    self.value = self.value + value;
    self.value
}

/// Split a `Balance` and take a sub balance from it.
public fun split<T>(self: &mut Balance<T>, value: u64): Balance<T> {
    assert!(self.value >= value, ENotEnough);
    self.value = self.value - value;
module specs::staking_pool_specs;

use sui::tx_context::TxContext;

use sui_system::staking_pool::PoolTokenExchangeRate;

use sui_system::staking_pool::StakingPool;

use sui_system::staking_pool::StakedSui;

use sui_system::staking_pool;
use sui_system::staking_pool::FungibleStakedSui;
use sui::object::ID;

#[spec_only]
use prover::prover::{asserts, ensures};
#[spec_only]
use prover::ghost;
#[spec_only]
use specs::transfer_spec::{SpecTransferAddress, SpecTransferAddressExists};

const MIN_STAKING_THRESHOLD: u64 = 1_000_000_000;

// @VERIFY(🛡️/✅)
#[spec(prove, target=staking_pool::fungible_staked_sui_pool_id, no_opaque)]
fun fungible_staked_sui_pool_id_spec(
    fungible_staked_sui: &FungibleStakedSui,
): ID {
    staking_pool::fungible_staked_sui_pool_id(fungible_staked_sui)
}

// @VERIFY(🛡️/✅)
#[spec(prove, target=staking_pool::fungible_staked_sui_value, no_opaque)]
fun fungible_staked_sui_value_spec(
    fungible_staked_sui: &FungibleStakedSui,
): u64 {
    staking_pool::fungible_staked_sui_value(fungible_staked_sui)
}

// @VERIFY(⚙️/✅)
#[spec(prove, target=staking_pool::is_equal_staking_metadata)]
fun is_equal_staking_metadata_spec(
    self: &StakedSui,
    other: &StakedSui,
): bool {
    let result = staking_pool::is_equal_staking_metadata(self, other);
    ensures(result == (
        (staking_pool::pool_id(self) == staking_pool::pool_id(other)) &&
        (staking_pool::stake_activation_epoch(self) == staking_pool::stake_activation_epoch(other))
    ));
    result
}

// @VERIFY(🛡️/✅)
#[spec(prove, target=staking_pool::is_inactive)]
fun is_inactive_spec(
    pool: &StakingPool,
): bool {
    staking_pool::is_inactive(pool)
}

// @VERIFY(⚙️/✅)
#[spec(prove, target=staking_pool::is_preactive)]
fun is_preactive_spec(
    pool: &StakingPool,
): bool {
    let result = staking_pool::is_preactive(pool);
    ensures(result == staking_pool::activation_epoch(pool).is_none());
    result
}

=== accessors for principal value ===


=== amount/principal accessors ===
46:    /// The total number of SUI tokens in this pool, including the SUI in the rewards_pool, as well as in all the principal
60:    /// This includes both the principal and rewards SUI withdrawn.
82:    principal: Balance<SUI>,
102:    /// principal balance. Rewards are withdrawn from the reward pool
103:    principal: Balance<SUI>,
150:        principal: stake,
155:/// Both the principal and corresponding rewards in SUI are withdrawn.
166:        let principal = staked_sui.into_balance();
167:        pool.pending_stake = pool.pending_stake - principal.value();
168:        return principal
171:    let (pool_token_withdraw_amount, mut principal_withdraw) = pool.withdraw_from_principal(
174:    let principal_withdraw_amount = principal_withdraw.value();
177:        principal_withdraw_amount,
181:    let total_sui_withdraw_amount = principal_withdraw_amount + rewards_withdraw.value();
191:    principal_withdraw.join(rewards_withdraw);
192:    principal_withdraw
210:        principal_amount,
214:        fungible_staked_sui_data.principal.value(),
220:    let mut sui_out = fungible_staked_sui_data.principal.split(principal_amount);
230:/// returns (principal_withdraw_amount, rewards_withdraw_amount)
234:    fungible_staked_sui_data_principal_amount: u64, // fungible_staked_sui_data.principal.value()
243:    let fungible_staked_sui_data_principal_amount = fungible_staked_sui_data_principal_amount.min(
248:    let total_rewards = total_sui_amount - fungible_staked_sui_data_principal_amount;
251:    let principal_withdraw_amount = mul_div!(
253:        fungible_staked_sui_data_principal_amount,
266:        principal_withdraw_amount + rewards_withdraw_amount <= expected_sui_amount,
270:    (principal_withdraw_amount, rewards_withdraw_amount)
279:    let StakedSui { id, pool_id, stake_activation_epoch, principal } = staked_sui;
291:    let pool_token_amount = exchange_rate_at_staking_epoch.get_token_amount(principal.value());
304:                    principal,
311:        fungible_staked_sui_data.principal.join(principal);
321:/// Withdraw the principal SUI stored in the StakedSui object, and calculate the corresponding amount of pool
323:/// Returns values are amount of pool tokens withdrawn and withdrawn principal portion of SUI.
324:public(package) fun withdraw_from_principal(
332:    let principal_withdraw = staked_sui.into_balance();
333:    let pool_token_withdraw_amount = exchange_rate_at_staking_epoch.get_token_amount(principal_withdraw.value());
335:    (pool_token_withdraw_amount, principal_withdraw)
342:    let StakedSui { id, principal, .. } = staked_sui;
344:    principal
418:///     1. Calculates the total amount of SUI (including principal and rewards) that the provided pool tokens represent
420:///     2. Using the above number and the given `principal_withdraw_amount`, calculates the rewards portion of the
423:///        portion because the principal portion was already taken out of the staker's self custodied StakedSui.
426:    principal_withdraw_amount: u64,
432:    let mut reward_withdraw_amount = if (total_sui_withdraw_amount >= principal_withdraw_amount) {
433:        total_sui_withdraw_amount - principal_withdraw_amount
479:/// Allows calling `.amount()` on `StakedSui` to invoke `staked_sui_amount`
480:public use fun staked_sui_amount as StakedSui.amount;
482:/// Returns the principal amount of `StakedSui`.
483:public fun staked_sui_amount(staked_sui: &StakedSui): u64 { staked_sui.principal.value() }
544:/// Split StakedSui `self` to two parts, one with principal `split_amount`,
545:/// and the remaining principal is left in `self`.
548:    let original_amount = self.principal.value();
558:        principal: self.principal.split(split_amount),
566:/// Split the given StakedSui to the two parts, one with principal `split_amount`,
580:    let StakedSui { id, principal, .. } = other;
583:    self.principal.join(principal);
586:/// Returns true if all the staking parameters of the staked sui except the principal are identical
722:public use fun fungible_staked_sui_data_principal_value as FungibleStakedSuiData.principal_value;
725:public(package) fun fungible_staked_sui_data_principal_value(
728:    fungible_staked_sui_data.principal.value()
783:    mut fungible_staked_sui_data_principal_frac: u16,
791:    fungible_staked_sui_data_principal_frac = fungible_staked_sui_data_principal_frac % 10_000;
812:    let max_principal = exchange_rate.get_sui_amount(fungible_staked_sui_data_total_supply);
813:    let fungible_staked_sui_data_principal_amount = mul_div!(
814:        max_principal,
815:        fungible_staked_sui_data_principal_frac as u64,
819:    let (principal_amount, rewards_amount) = calculate_fungible_staked_sui_withdraw_amount(
822:        fungible_staked_sui_data_principal_amount,
828:    assert!(principal_amount + rewards_amount <= expected_out, 0);
831:    assert!(principal_amount + rewards_amount >= min_out, 0);
27:const EIncompatibleStakedSui: u64 = 12;
471:public fun pool_id(staked_sui: &StakedSui): ID { staked_sui.pool_id }
480:public use fun staked_sui_amount as StakedSui.amount;
483:public fun staked_sui_amount(staked_sui: &StakedSui): u64 { staked_sui.principal.value() }
485:public use fun stake_activation_epoch as StakedSui.activation_epoch;
488:public fun stake_activation_epoch(staked_sui: &StakedSui): u64 {
579:    assert!(is_equal_staking_metadata(self, &other), EIncompatibleStakedSui);
// @VERIFY(⚙️/✅)
#[spec(prove, target=staking_pool::is_equal_staking_metadata)]
fun is_equal_staking_metadata_spec(
    self: &StakedSui,
    other: &StakedSui,
): bool {
    let result = staking_pool::is_equal_staking_metadata(self, other);
    ensures(result == (
        (staking_pool::pool_id(self) == staking_pool::pool_id(other)) &&
        (staking_pool::stake_activation_epoch(self) == staking_pool::stake_activation_epoch(other))
    ));
    result
}

// @VERIFY(🛡️/✅)
#[spec(prove, target=staking_pool::is_inactive)]

     196 crates/sui-framework/packages/sui-system/specs/sources/staking_pool_specs.move
inserted
<class 'NoneType'>
None
#1 prove-from-scratch/improve/attempt-1 (1 items) [running] 1209s
#36 prove-is_inactive_spec [error] 472s
#37 prove-is_inactive_spec [done] 472s
#38 sui-prover: specs [done] 468s
#39 sui-prover: specs [done] 461s
#40 prove-is_preactive [error] 390s
#41 prove-is_preactive [done] 390s
#42 sui-prover: specs [done] 387s
#43 prove-is_preactive [error] 381s
#44 prove-is_preactive [done] 381s
#45 sui-prover: specs [done] 378s
#46 prove-join-fungible [error] 261s
#47 prove-join-fungible [done] 261s
#48 sui-prover: specs [error] 258s
#49 prove-join-fungible-2 [error] 194s
#50 sui-prover: specs [error] 191s
#51 sui-prover: specs [error] 189s
#52 sui-prover: specs [error] 168s
#53 sui-prover: specs [done] 159s
#54 sui-prover: specs [done] 150s
#55 sui-prover: specs [done] 147s
#56 prove-join_staked_sui [error] 6s
#57 prove-join_staked_sui [running] 6s
#58 sui-prover: specs [error] 2s
status=success exit_code=0
🔄 staking_pool_specs::join_staked_sui_spec_Check
🔄 staking_pool_specs::join_staked_sui_spec_Assume
🔄 staking_pool_specs::join_staked_sui_spec_SpecNoAbortCheck
✅ staking_pool_specs::join_staked_sui_spec_SpecNoAbortCheck
✅ staking_pool_specs::join_staked_sui_spec_Assume
✅ staking_pool_specs::join_staked_sui_spec_Check
Verification successful

fun join_staked_sui_spec(
    self: &mut StakedSui,
    other: StakedSui,
) {
    asserts(staking_pool::is_equal_staking_metadata(self, &other));
    asserts(
        staking_pool::staked_sui_amount(self)
            .to_int()
            .add(staking_pool::staked_sui_amount(&other).to_int())
            .lte(std::u64::max_value!().to_int()),
    );
    staking_pool::join_staked_sui(self, other)
}

// @VERIFY(🛡️/✅)
#[spec(prove, target=staking_pool::is_inactive)]
fun is_inactive_spec(
    pool: &StakingPool,
): bool {
    staking_pool::is_inactive(pool)
}

// @VERIFY(⚙️/✅)
#[spec(prove, target=staking_pool::is_preactive)]
fun is_preactive_spec(
