---
source: crates/move-compiler/tests/move_check_testsuite.rs
info:
  flavor: core
  edition: 2024.alpha
  lint: false
---
error[EC03005]: unbound unscoped name
  ┌─ tests/move_2024/verification/spec_only_do_not_filter_invariant_without_import.move:6:9
  │
6 │         invariant!(something);
  │         ^^^^^^^^^ Unbound function 'invariant' in current scope

error[EC03009]: unbound variable
  ┌─ tests/move_2024/verification/spec_only_do_not_filter_invariant_without_import.move:6:20
  │
6 │         invariant!(something);
  │                    ^^^^^^^^^ Unbound variable 'something'
