---
source: crates/move-compiler/tests/move_check_testsuite.rs
info:
  flavor: core
  edition: 2024.alpha
  lint: false
---
error[EC03005]: unbound unscoped name
  ┌─ tests/move_2024/verification/spec_only_do_filter_invariant_return_exp1.move:9:13
  │
9 │             invariant!(something);
  │             ^^^^^^^^^ Unbound function 'invariant' in current scope

error[EC03009]: unbound variable
  ┌─ tests/move_2024/verification/spec_only_do_filter_invariant_return_exp1.move:9:24
  │
9 │             invariant!(something);
  │                        ^^^^^^^^^ Unbound variable 'something'

warning[WC04039]: unable to determine literal's type
   ┌─ tests/move_2024/verification/spec_only_do_filter_invariant_return_exp1.move:10:13
   │
10 │             10;
   │             ^^ Could not determine a concrete type for this numeric literal, so defaulting to 'u64'
   │
   = To avoid this warning, add an explicit type annotation, e.g., '<num>u64'
   = This warning can be suppressed with '#[allow(untyped_literal)]' applied to the 'module' or module member ('const', 'fun', or 'struct')
