---
source: crates/move-compiler/tests/move_check_testsuite.rs
info:
  flavor: core
  edition: 2024.alpha
  lint: false
---
error[EC03006]: unexpected name in this position
  ┌─ tests/move_2024/verification/spec_only_do_filter_function.move:5:9
  │
4 │     public fun foo() {
  │                --- Similarly named defintion found here
5 │         bar()
  │         ^^^
  │         │
  │         Could not resolve the name 'bar'
  │         Did you mean: 'foo'
