[FOXY_EVENT] {"type": "inspect", "text": "Project: /Users/cos/asymptotic/agent/clients/mysten/sui"}
[FOXY_EVENT] {"type": "inspect", "text": "Packages: ['/Users/cos/asymptotic/agent/clients/mysten/sui/crates/sui-framework/packages/sui-system', '/Users/cos/asymptotic/agent/clients/mysten/sui/crates/sui-framework/packages/sui-system/specs']"}
[FOXY_EVENT] {"type": "inspect", "text": "=== SPEC SOURCE ==="}
[FOXY_EVENT] {"type": "inspect", "text": "#[spec(prove, target=staking_pool::is_equal_staking_metadata, ignore_abort)]\nfun is_equal_staking_metadata_spec(\n    self: &StakedSui,\n    other: &StakedSui,\n): bool {\n    staking_pool::is_equal_staking_metadata(self, other)\n}"}
[FOXY_EVENT] {"type": "inspect", "text": "=== TARGET SOURCE ==="}
[FOXY_EVENT] {"type": "inspect", "text": "{'qualified_name': 'staking_pool::is_equal_staking_metadata', 'module': 'staking_pool', 'function_name': 'is_equal_staking_metadata', 'file_path': '/Users/cos/asymptotic/agent/clients/mysten/sui/crates/sui-framework/packages/sui-system/sources/staking_pool.move', 'line_start': 587, 'line_end': 590, 'visibility': 'public', 'is_entry': False, 'function_type': 'source', 'attributes': [], 'source': '/// Returns true if all the staking parameters of the staked sui except the principal are identical\\npublic fun is_equal_staking_metadata(self: &StakedSui, other: &StakedSui): bool {\\n    (self.pool_id == other.pool_id) &&\\n    (self.stake_activation_epoch == other.stake_activation_epoch)\\n}'}"}
[FOXY_EVENT] {"type": "inspect", "text": "=== SPEC FILE PATH ==="}
[FOXY_EVENT] {"type": "inspect", "text": "/Users/cos/asymptotic/agent/clients/mysten/sui/crates/sui-framework/packages/sui-system/specs/sources/staking_pool_specs.foxy/is_equal_staking_metadata_spec/spec.improve.yaml"}
[FOXY_EVENT] {"type": "file_op", "op": "glob", "label": "**/staking_pool_specs.move"}
[FOXY_EVENT] {"type": "inspect", "text": "spec file: specs/sources/staking_pool_specs.move"}
[FOXY_EVENT] {"type": "file_op", "op": "grep", "label": "is_equal_staking_metadata_spec in *.move"}
[FOXY_EVENT] {"type": "inspect", "text": "specs/sources/staking_pool_specs.move:41:fun is_equal_staking_metadata_spec("}
[FOXY_EVENT] {"type": "file_op", "op": "read", "label": "specs/sources/staking_pool_specs.move"}
[FOXY_EVENT] {"type": "inspect", "text": "aked_sui_value(fungible_staked_sui)\n}\n\n#[spec(prove, target=staking_pool::is_equal_staking_metadata, ignore_abort)]\nfun is_equal_staking_metadata_spec(\n    self: &StakedSui,\n    other: &StakedSui,\n): bool {\n    staking_pool::is_equal_staking_metadata(self, other)\n}\n\n#[spec(prove, target=staking_pool::is_inactive, ignore_abort)]\nfun is_inactive_spec(\n    pool: &StakingPool,\n): bool {\n    staking_pool::is_inactive(pool)\n}\n\n#[spec(prove, target=staking_pool::is_preactive, ignore_abort)]\nfun is_preactive_spec(\n    pool"}
[FOXY_EVENT] {"type": "inspect", "text": "module specs::staking_pool_specs;\n\nuse sui::tx_context::TxContext;\n\nuse sui_system::staking_pool::PoolTokenExchangeRate;\n\nuse sui_system::staking_pool::StakingPool;\n\nuse sui_system::staking_pool::StakedSui;\n\nuse sui_system::staking_pool;\nuse sui_system::staking_pool::FungibleStakedSui;\nuse sui::object::ID;\n\n#[spec_only]\nuse prover::prover::{asserts, ensures};\n#[spec_only]\nuse prover::ghost;\n#[spec_only]\nuse specs::transfer_spec::{SpecTransferAddress, SpecTransferAddressExists};\n\nconst MIN_STAKING_THRESHOLD: u64 = 1_000_000_000;\n\n// @VERIFY(\ud83d\udee1\ufe0f/\u2705)\n#[spec(prove, target=staking_pool::fungible_staked_sui_pool_id)]\nfun fungible_staked_sui_pool_id_spec(\n    fungible_staked_sui: &FungibleStakedSui,\n): ID {\n    staking_pool::fungible_staked_sui_pool_id(fungible_staked_sui)\n}\n\n// @VERIFY(\ud83d\udee1\ufe0f/\u2705)\n#[spec(prove, target=staking_pool::fungible_staked_sui_value)]\nfun fungible_staked_sui_value_spec(\n    fungible_staked_sui: &FungibleStakedSui,\n): u64 {\n    staking_pool::fungible_staked_sui_value(fungible_staked_sui)\n}\n\n#[spec(prove, target=staking_pool::is_equal_staking_metadata, ignore_abort)]\nfun is_equal_staking_metadata_spec(\n    self: &StakedSui,\n    other: &StakedSui,\n): bool {\n    staking_pool"}
[FOXY_EVENT] {"type": "file_op", "op": "grep", "label": "pool_id in staking_pool.move"}
[FOXY_EVENT] {"type": "file_op", "op": "grep", "label": "stake_activation_epoch in staking_pool.move"}
[FOXY_EVENT] {"type": "inspect", "text": "POOL_ID:\n"}
[FOXY_EVENT] {"type": "inspect", "text": "STAKE_ACTIVATION_EPOCH:\n"}
[FOXY_EVENT] {"type": "file_op", "op": "read", "label": "/Users/cos/asymptotic/agent/clients/mysten/sui/crates/sui-framework/packages/sui-system/sources/staking_pool.move"}
[FOXY_EVENT] {"type": "inspect", "text": "public fun pool_id(staked_sui: &StakedSui): ID { staked_sui.pool_id }"}
[FOXY_EVENT] {"type": "inspect", "text": "public fun staked_sui_amount(staked_sui: &StakedSui): u64 { staked_sui.principal.value() }"}
[FOXY_EVENT] {"type": "inspect", "text": "public fun stake_activation_epoch(staked_sui: &StakedSui): u64 {"}
[FOXY_EVENT] {"type": "inspect", "text": "--- struct StakedSui ---"}
[FOXY_EVENT] {"type": "inspect", "text": "public struct StakedSui has key, store {\n    id: UID,\n    /// ID of the staking pool we are staking with.\n    pool_id: ID,\n    /// The epoch at which the stake becomes active.\n    stake_activation_epoch: u64,\n    /// The staked SUI tokens.\n    principal: Balance<SUI>,\n}\n\n/// An alternative to `StakedSui` that holds the pool token amount instead of "}
[FOXY_EVENT] {"type": "file_op", "op": "edit", "label": "specs/sources/staking_pool_specs.move"}
[FOXY_EVENT] {"type": "diff", "lines": [["-", 40, "#[spec(prove, target=staking_pool::is_equal_staking_metadata, ignore_abort)]"], ["+", null, "// @VERIFY(\u2699\ufe0f/\u2705)"], ["+", null, "#[spec(prove, target=staking_pool::is_equal_staking_metadata)]"], ["-", 45, "    staking_pool::is_equal_staking_metadata(self, other)"], ["+", null, "    let result = staking_pool::is_equal_staking_metadata(self, other);"], ["+", null, "    ensures(result == ("], ["+", null, "        (staking_pool::pool_id(self) == staking_pool::pool_id(other)) &&"], ["+", null, "        (staking_pool::stake_activation_epoch(self) == staking_pool::stake_activation_epoch(other))"], ["+", null, "    ));"], ["+", null, "    result"]]}
[FOXY_EVENT] {"type": "inspect", "text": "edited"}
[FOXY_EVENT] {"type": "inspect", "text": "type: <class 'NoneType'>, value: None"}
[FOXY_EVENT] {"type": "inspect", "text": "#1 prove-from-scratch/improve/attempt-1 (1 items) [running] 515s"}
[FOXY_EVENT] {"type": "inspect", "text": "#2 prove-fungible_staked_sui_pool_id [error] 448s"}
[FOXY_EVENT] {"type": "inspect", "text": "#3 prove-fungible_staked_sui_pool_id [done] 448s"}
[FOXY_EVENT] {"type": "inspect", "text": "#4 sui-prover: specs [error] 443s"}
[FOXY_EVENT] {"type": "inspect", "text": "#5 prove-fspid-v2 [error] 368s"}
[FOXY_EVENT] {"type": "inspect", "text": "#6 prove-fspid-v2 [done] 368s"}
[FOXY_EVENT] {"type": "inspect", "text": "#7 sui-prover: specs [error] 361s"}
[FOXY_EVENT] {"type": "inspect", "text": "#8 sui-prover: specs [error] 357s"}
[FOXY_EVENT] {"type": "inspect", "text": "#9 sui-prover: specs [error] 320s"}
[FOXY_EVENT] {"type": "inspect", "text": "#10 sui-prover: specs [error] 297s"}
[FOXY_EVENT] {"type": "inspect", "text": "#11 sui-prover: specs [error] 290s"}
[FOXY_EVENT] {"type": "inspect", "text": "#12 sui-prover: specs [error] 283s"}
[FOXY_EVENT] {"type": "inspect", "text": "#13 sui-prover: specs [error] 276s"}
[FOXY_EVENT] {"type": "inspect", "text": "#14 prove-fungible_staked_sui_value [error] 166s"}
[FOXY_EVENT] {"type": "inspect", "text": "#15 prove-fungible_staked_sui_value [done] 166s"}
[FOXY_EVENT] {"type": "inspect", "text": "#16 sui-prover: specs [error] 163s"}
[FOXY_EVENT] {"type": "inspect", "text": "#17 prove-fungible_staked_sui_value [error] 158s"}
[FOXY_EVENT] {"type": "inspect", "text": "#18 prove-fungible_staked_sui_value [done] 158s"}
[FOXY_EVENT] {"type": "inspect", "text": "#19 sui-prover: specs [error] 155s"}
[FOXY_EVENT] {"type": "inspect", "text": "#20 sui-prover: specs [error] 154s"}
[FOXY_EVENT] {"type": "inspect", "text": "#21 sui-prover: specs [error] 143s"}
[FOXY_EVENT] {"type": "inspect", "text": "#22 sui-prover: specs [error] 132s"}
[FOXY_EVENT] {"type": "inspect", "text": "#23 sui-prover: specs [error] 131s"}
[FOXY_EVENT] {"type": "inspect", "text": "#24 sui-prover: specs [error] 129s"}
[FOXY_EVENT] {"type": "inspect", "text": "#25 sui-prover: specs [error] 122s"}
[FOXY_EVENT] {"type": "inspect", "text": "#26 function_local_accesses [done] 92s"}
[FOXY_EVENT] {"type": "inspect", "text": "#27 prove-is_equal_staking_metadata [error] 7s"}
[FOXY_EVENT] {"type": "inspect", "text": "#28 prove-is_equal_staking_metadata [running] 7s"}
[FOXY_EVENT] {"type": "inspect", "text": "#29 sui-prover: specs [error] 2s"}
Running: sui-prover --functions is_equal_staking_metadata_spec --timeout 60 --force-timeout --cloud
Working directory: /Users/cos/asymptotic/agent/clients/mysten/sui/crates/sui-framework/packages/sui-system/specs

[FOXY_EVENT] {"type": "inspect", "text": "status: error, exit_code: 1"}
[FOXY_EVENT] {"type": "inspect", "text": "\ud83d\udd04 staking_pool_specs::is_equal_staking_metadata_spec_Check\n\ud83d\udd04 staking_pool_specs::is_equal_staking_metadata_spec_Assume\n\ud83d\udd04 staking_pool_specs::is_equal_staking_metadata_spec_SpecNoAbortCheck\n\u274c staking_pool_specs::is_equal_staking_metadata_spec_SpecNoAbortCheck (0.1s)\n\u2705 staking_pool_specs::is_equal_staking_metadata_spec_Check\n\u2705 staking_pool_specs::is_equal_staking_metadata_spec_Assume\nerror: cloud verification out of resources/timeout\n  \u250c\u2500 <unknown>:1:1\n  \u2502\n1 \u2502 <unknown>\n  \u2502 ^\n\nexiting with verification errors"}
Running: sui-prover --functions is_equal_staking_metadata_spec --timeout 60 --force-timeout --cloud
Working directory: /Users/cos/asymptotic/agent/clients/mysten/sui/crates/sui-framework/packages/sui-system/specs

[FOXY_EVENT] {"type": "inspect", "text": "status: error, exit_code: 1"}
[FOXY_EVENT] {"type": "inspect", "text": "\ud83d\udd04 staking_pool_specs::is_equal_staking_metadata_spec_Check\n\ud83d\udd04 staking_pool_specs::is_equal_staking_metadata_spec_Assume\n\ud83d\udd04 staking_pool_specs::is_equal_staking_metadata_spec_SpecNoAbortCheck\n\u274c staking_pool_specs::is_equal_staking_metadata_spec_SpecNoAbortCheck (0.1s)\n\u2705 staking_pool_specs::is_equal_staking_metadata_spec_Check\n\u2705 staking_pool_specs::is_equal_staking_metadata_spec_Assume\nerror: cloud verification out of resources/timeout\n  \u250c\u2500 <unknown>:1:1\n  \u2502\n1 \u2502 <unknown>\n  \u2502 ^\n\nexiting with verification errors"}
[FOXY_EVENT] {"type": "file_op", "op": "read", "label": "specs/sources/staking_pool_specs.move"}
[FOXY_EVENT] {"type": "inspect", "text": "pool_id getter spec present: True"}
[FOXY_EVENT] {"type": "inspect", "text": "stake_activation_epoch getter spec present: True"}
[FOXY_EVENT] {"type": "file_op", "op": "glob", "label": "**/*_specs.move"}
[FOXY_EVENT] {"type": "file_op", "op": "read", "label": "specs/sources/staking_pool_specs.move"}
[FOXY_EVENT] {"type": "inspect", "text": "pool_id spec in specs/sources/staking_pool_specs.move"}
[FOXY_EVENT] {"type": "inspect", "text": "stake_activation_epoch spec in specs/sources/staking_pool_specs.move"}
[FOXY_EVENT] {"type": "inspect", "text": "taking_pool)\n}\n\n#[spec(prove, target=staking_pool::pool_id, ignore_abort, no_opaque)]\nfun pool_id_spec(\n    staked_sui: &StakedSui,\n): ID {\n    staking_pool::pool_id(staked_sui)\n}\n\n#[spec(prove, target=staking_pool::pool_token_amount, ignore_abort)]\nfun pool_token_amount_spec(\n    exchange_rate: &PoolTokenExchangeRate,\n): u64 {\n    staking_pool::po"}
[FOXY_EVENT] {"type": "inspect", "text": "---"}
[FOXY_EVENT] {"type": "inspect", "text": " old_epoch);\n}\n\n#[spec(prove, target=staking_pool::stake_activation_epoch, ignore_abort, no_opaque)]\nfun stake_activation_epoch_spec(\n    staked_sui: &StakedSui,\n): u64 {\n    staking_pool::stake_activation_epoch(staked_sui)\n}\n\n#[spec(prove, target=staking_pool::staked_sui_amount, ignore_abort, no_opaque)]\nfun staked_sui_amount_spec(\n    staked_sui:"}
[FOXY_EVENT] {"type": "inspect", "text": "---"}
[FOXY_EVENT] {"type": "file_op", "op": "read", "label": "specs/sources/staking_pool_specs.move"}
[FOXY_EVENT] {"type": "file_op", "op": "edit", "label": "specs/sources/staking_pool_specs.move"}
[FOXY_EVENT] {"type": "diff", "lines": [["-", 40, "// @VERIFY(\u2699\ufe0f/\u2705)"], ["+", null, "// @VERIFY(\ud83d\udee1\ufe0f/\u2705)"], ["-", 46, "    let result = staking_pool::is_equal_staking_metadata(self, other);"], ["-", 47, "    ensures(result == ("], ["-", 48, "        (staking_pool::pool_id(self) == staking_pool::pool_id(other)) &&"], ["-", 49, "        (staking_pool::stake_activation_epoch(self) == staking_pool::stake_activation_epoch(other))"], ["-", 50, "    ));"], ["-", 51, "    result"], ["+", null, "    staking_pool::is_equal_staking_metadata(self, other)"]]}
Running: sui-prover --functions is_equal_staking_metadata_spec --timeout 60 --force-timeout --cloud
Working directory: /Users/cos/asymptotic/agent/clients/mysten/sui/crates/sui-framework/packages/sui-system/specs

[FOXY_EVENT] {"type": "inspect", "text": "status: error, exit_code: 1"}
[FOXY_EVENT] {"type": "inspect", "text": "\ud83d\udd04 staking_pool_specs::is_equal_staking_metadata_spec_Check\n\ud83d\udd04 staking_pool_specs::is_equal_staking_metadata_spec_Assume\n\ud83d\udd04 staking_pool_specs::is_equal_staking_metadata_spec_SpecNoAbortCheck\n\u274c staking_pool_specs::is_equal_staking_metadata_spec_SpecNoAbortCheck (0.1s)\n\u2705 staking_pool_specs::is_equal_staking_metadata_spec_Assume\n\u2705 staking_pool_specs::is_equal_staking_metadata_spec_Check\nerror: cloud verification out of resources/timeout\n  \u250c\u2500 <unknown>:1:1\n  \u2502\n1 \u2502 <unknown>\n  \u2502 ^\n\nexiting with verification errors"}
Running: sui-prover --functions is_equal_staking_metadata_spec --timeout 60 --force-timeout --cloud
Working directory: /Users/cos/asymptotic/agent/clients/mysten/sui/crates/sui-framework/packages/sui-system/specs

[FOXY_EVENT] {"type": "inspect", "text": "status: error, exit_code: 1"}
[FOXY_EVENT] {"type": "inspect", "text": "\ud83d\udd04 staking_pool_specs::is_equal_staking_metadata_spec_Check\n\ud83d\udd04 staking_pool_specs::is_equal_staking_metadata_spec_Assume\n\ud83d\udd04 staking_pool_specs::is_equal_staking_metadata_spec_SpecNoAbortCheck\n\u274c staking_pool_specs::is_equal_staking_metadata_spec_Check (0.1s)\n\u2705 staking_pool_specs::is_equal_staking_metadata_spec_Assume\n\u2705 staking_pool_specs::is_equal_staking_metadata_spec_SpecNoAbortCheck\nerror: cloud verification out of resources/timeout\n  \u250c\u2500 <unknown>:1:1\n  \u2502\n1 \u2502 <unknown>\n  \u2502 ^\n\nexiting with verification errors"}
[FOXY_EVENT] {"type": "inspect", "text": "config exists: True"}
[FOXY_EVENT] {"type": "inspect", "text": "url = \"https://example.com\"\nkey = \"dummy-key\"\nconcurrency = 10\n"}
Running: sui-prover --functions is_equal_staking_metadata_spec --timeout 60 --force-timeout --cloud
Working directory: /Users/cos/asymptotic/agent/clients/mysten/sui/crates/sui-framework/packages/sui-system/specs

[FOXY_EVENT] {"type": "inspect", "text": "status: success, exit_code: 0"}
[FOXY_EVENT] {"type": "inspect", "text": "\ud83d\udd04 staking_pool_specs::is_equal_staking_metadata_spec_Check\n\ud83d\udd04 staking_pool_specs::is_equal_staking_metadata_spec_Assume\n\ud83d\udd04 staking_pool_specs::is_equal_staking_metadata_spec_SpecNoAbortCheck\n\u2705 staking_pool_specs::is_equal_staking_metadata_spec_Assume\n\u2705 staking_pool_specs::is_equal_staking_metadata_spec_SpecNoAbortCheck (2s)\n\u2705 staking_pool_specs::is_equal_staking_metadata_spec_Check (2s)\nVerification successful"}
[FOXY_EVENT] {"type": "file_op", "op": "read", "label": "specs/sources/staking_pool_specs.move"}
[FOXY_EVENT] {"type": "file_op", "op": "edit", "label": "specs/sources/staking_pool_specs.move"}
[FOXY_EVENT] {"type": "diff", "lines": [["-", 40, "// @VERIFY(\ud83d\udee1\ufe0f/\u2705)"], ["+", null, "// @VERIFY(\u2699\ufe0f/\u2705)"], ["-", 46, "    staking_pool::is_equal_staking_metadata(self, other)"], ["+", null, "    let result = staking_pool::is_equal_staking_metadata(self, other);"], ["+", null, "    ensures(result == ("], ["+", null, "        (staking_pool::pool_id(self) == staking_pool::pool_id(other)) &&"], ["+", null, "        (staking_pool::stake_activation_epoch(self) == staking_pool::stake_activation_epoch(other))"], ["+", null, "    ));"], ["+", null, "    result"]]}
Running: sui-prover --functions is_equal_staking_metadata_spec --timeout 60 --force-timeout --cloud
Working directory: /Users/cos/asymptotic/agent/clients/mysten/sui/crates/sui-framework/packages/sui-system/specs

[FOXY_EVENT] {"type": "inspect", "text": "status: success, exit_code: 0"}
[FOXY_EVENT] {"type": "inspect", "text": "\ud83d\udd04 staking_pool_specs::is_equal_staking_metadata_spec_Check\n\ud83d\udd04 staking_pool_specs::is_equal_staking_metadata_spec_Assume\n\ud83d\udd04 staking_pool_specs::is_equal_staking_metadata_spec_SpecNoAbortCheck\n\u2705 staking_pool_specs::is_equal_staking_metadata_spec_SpecNoAbortCheck\n\u2705 staking_pool_specs::is_equal_staking_metadata_spec_Assume\n\u2705 staking_pool_specs::is_equal_staking_metadata_spec_Check\nVerification successful"}
[FOXY_EVENT] {"type": "file_op", "op": "read", "label": "specs/sources/staking_pool_specs.move"}
[FOXY_EVENT] {"type": "inspect", "text": "i)\n}\n\n// @VERIFY(\u2699\ufe0f/\u2705)\n#[spec(prove, target=staking_pool::is_equal_staking_metadata)]\nfun is_equal_staking_metadata_spec(\n    self: &StakedSui,\n    other: &StakedSui,\n): bool {\n    let result = staking_pool::is_equal_staking_metadata(self, other);\n    ensures(result == (\n        (staking_pool::pool_id(self) == staking_pool::pool_id(other)) &&\n        (staking_pool::stake_activation_epoch(self) == staking_pool::stake_activation_epoch(other))\n    ));\n    result\n}\n\n#[spec(prove, target=staking_pool::is_inact"}
