[FOXY_EVENT] {"type": "inspect", "text": "project=/Users/cos/asymptotic/agent/clients/mysten/sui"}
[FOXY_EVENT] {"type": "inspect", "text": "packages=['/Users/cos/asymptotic/agent/clients/mysten/sui/crates/sui-framework/packages/sui-system', '/Users/cos/asymptotic/agent/clients/mysten/sui/crates/sui-framework/packages/sui-system/specs']"}
[FOXY_EVENT] {"type": "inspect", "text": "=== SPEC SOURCE ==="}
[FOXY_EVENT] {"type": "inspect", "text": "#[spec(prove, target=staking_pool::stake_activation_epoch, ignore_abort, no_opaque)]\nfun stake_activation_epoch_spec(\n    staked_sui: &StakedSui,\n): u64 {\n    staking_pool::stake_activation_epoch(staked_sui)\n}"}
[FOXY_EVENT] {"type": "inspect", "text": "=== SPEC ATTRIBUTES ==="}
[FOXY_EVENT] {"type": "inspect", "text": "{'prove': True, 'skip': False, 'skip_reason': None, 'target': 'staking_pool::stake_activation_epoch', 'no_opaque': True, 'timeout': None, 'spec_only': False, 'focus': False, 'ignore_abort': True, 'uninterpreted': [], 'include': [], 'boogie_opt': [], 'extra_bpl': []}"}
[FOXY_EVENT] {"type": "inspect", "text": "=== TARGET SOURCE ==="}
[FOXY_EVENT] {"type": "inspect", "text": "{'qualified_name': 'staking_pool::stake_activation_epoch', 'module': 'staking_pool', 'function_name': 'stake_activation_epoch', 'file_path': '/Users/cos/asymptotic/agent/clients/mysten/sui/crates/sui-framework/packages/sui-system/sources/staking_pool.move', 'line_start': 488, 'line_end': 490, 'visibility': 'public', 'is_entry': False, 'function_type': 'source', 'attributes': [], 'source': '/// Returns the activation epoch of `StakedSui`.\\npublic fun stake_activation_epoch(staked_sui: &StakedSui): u64 {\\n    staked_sui.stake_activation_epoch\\n}'}"}
[FOXY_EVENT] {"type": "inspect", "text": "=== CALLEES ==="}
[FOXY_EVENT] {"type": "inspect", "text": "[]"}
[FOXY_EVENT] {"type": "inspect", "text": "spec dir: /Users/cos/asymptotic/agent/clients/mysten/sui/crates/sui-framework/packages/sui-system/specs/sources/staking_pool_specs.foxy/stake_activation_epoch_spec"}
[FOXY_EVENT] {"type": "file_op", "op": "grep", "label": "stake_activation_epoch_spec in *.move"}
[FOXY_EVENT] {"type": "inspect", "text": "crates/sui-framework/packages/sui-system/specs/sources/staking_pool_specs.move:203:fun stake_activation_epoch_spec("}
[FOXY_EVENT] {"type": "file_op", "op": "read", "label": "crates/sui-framework/packages/sui-system/specs/sources/staking_pool_specs.move:195-215"}
[FOXY_EVENT] {"type": "inspect", "text": "    asserts(split_amount >= MIN_STAKING_THRESHOLD);\n    staking_pool::split_staked_sui(stake, split_amount, ctx);\n    ensures(staking_pool::staked_sui_amount(stake).to_int() == original_amount.to_int().sub(split_amount.to_int()));\n    ensures(staking_pool::pool_id(stake) == old_pool_id);\n    ensures(staking_pool::stake_activation_epoch(stake) == old_epoch);\n}\n\n#[spec(prove, target=staking_pool::stake_activation_epoch, ignore_abort, no_opaque)]\nfun stake_activation_epoch_spec(\n    staked_sui: &StakedSui,\n): u64 {\n    staking_pool::stake_activation_epoch(staked_sui)\n}\n\n#[spec(prove, target=staking_pool::staked_sui_amount, ignore_abort, no_opaque)]\nfun staked_sui_amount_spec(\n    staked_sui: &StakedSui,\n): u64 {\n    staking_pool::staked_sui_amount(staked_sui)\n}\n\n"}
[FOXY_EVENT] {"type": "file_op", "op": "read", "label": "crates/sui-framework/packages/sui-system/specs/sources/staking_pool_specs.move:213-235"}
[FOXY_EVENT] {"type": "inspect", "text": "    staking_pool::staked_sui_amount(staked_sui)\n}\n\n#[spec(prove, target=staking_pool::sui_amount, ignore_abort)]\nfun sui_amount_spec(\n    exchange_rate: &PoolTokenExchangeRate,\n): u64 {\n    staking_pool::sui_amount(exchange_rate)\n}\n\n#[spec(prove, target=staking_pool::sui_balance, ignore_abort)]\nfun sui_balance_spec(\n    pool: &StakingPool,\n): u64 {\n    staking_pool::sui_balance(pool)\n}\n"}
[FOXY_EVENT] {"type": "inspect", "text": "=== look for a stake_activation_epoch getter in source / test_only accessor ==="}
[FOXY_EVENT] {"type": "file_op", "op": "grep", "label": "stake_activation_epoch in *.move"}
[FOXY_EVENT] {"type": "inspect", "text": "staking_pool.move:80:    stake_activation_epoch: u64,\nstaking_pool.move:138:    stake_activation_epoch: u64,\nstaking_pool.move:149:        stake_activation_epoch,\nstaking_pool.move:165:    if (staked_sui.stake_activation_epoch > ctx.epoch() && !pool.is_preactive()) {\nstaking_pool.move:279:    let StakedSui { id, pool_id, stake_activation_epoch, principal } = staked_sui;\nstaking_pool.move:282:    assert!(ctx.epoch() >= stake_activation_epoch, ECannotMintFungibleStakedSuiYet);\nstaking_pool.move:288:        stake_activation_epoch,\nstaking_pool.move:331:    let exchange_rate_at_staking_epoch = pool.pool_token_exchange_rate_at_epoch(staked_sui.stake_activation_epoch);\nstaking_pool.move:485:public use fun stake_activation_epoch as StakedSui.activation_epoch;\nstaking_pool.move:488:public fun stake_activation_epoch(staked_sui: &StakedSui): u64 {\nstaking_pool.move:489:    staked_sui.stake_activation_epoch\nstaking_pool.move:546:/// All the other parameters of the StakedSui like `stake_activation_epoch` or `pool_id` remain the same.\nstaking_pool.move:557:        stake_activation_epoch: self.stake_activation_epoch,\nstaking_pool.move:589:    (self.stake_activation_epoch == other.stake_activation_epoch)\nstaking_pool.move:692:        let exchange_rate_at_staking_epoch = pool.pool_token_exchange_rate_at_epoch(staked_sui.stake_activation_epoch);\nvalidator.move:148:    stake_activation_epoch: u64,\nvalidator.move:157:    stake_activation_epoch: u64,\nvalidator.move:312:    let stake_activation_epoch = staked_sui.activation_epoch();\nvalidator.move:318:        stake_activation_epoch,\nvalidator.move:373:    let stake_activation_epoch = staked_sui.activation_epoch();\nvalidator.move:382:        stake_activation_epoch,"}
[FOXY_EVENT] {"type": "file_op", "op": "edit", "label": "crates/sui-framework/packages/sui-system/specs/sources/staking_pool_specs.move"}
[FOXY_EVENT] {"type": "diff", "lines": [["-", 202, "#[spec(prove, target=staking_pool::stake_activation_epoch, ignore_abort, no_opaque)]"], ["+", null, "#[spec(prove, target=staking_pool::stake_activation_epoch, no_opaque)]"], ["-", 206, "    staking_pool::stake_activation_epoch(staked_sui)"], ["+", null, "    let result = staking_pool::stake_activation_epoch(staked_sui);"], ["+", null, "    ensures(result == staking_pool::stake_activation_epoch(staked_sui));"], ["+", null, "    result"]]}
[FOXY_EVENT] {"type": "file_op", "op": "read", "label": "crates/sui-framework/packages/sui-system/specs/sources/staking_pool_specs.move:202-211"}
[FOXY_EVENT] {"type": "inspect", "text": "#[spec(prove, target=staking_pool::stake_activation_epoch, no_opaque)]\nfun stake_activation_epoch_spec(\n    staked_sui: &StakedSui,\n): u64 {\n    let result = staking_pool::stake_activation_epoch(staked_sui);\n    ensures(result == staking_pool::stake_activation_epoch(staked_sui));\n    result\n}\n\n#[spec(prove, target=staking_pool::staked_sui_amount, ignore_abort, no_opaque)]\n"}
[FOXY_EVENT] {"type": "file_op", "op": "grep", "label": "ext(pure) in staking_pool.move"}
[FOXY_EVENT] {"type": "inspect", "text": ""}
[FOXY_EVENT] {"type": "inspect", "text": "--- StakedSui struct ---"}
[FOXY_EVENT] {"type": "file_op", "op": "read", "label": "crates/sui-framework/packages/sui-system/sources/staking_pool.move:76-84"}
[FOXY_EVENT] {"type": "inspect", "text": "    id: UID,\n    /// ID of the staking pool we are staking with.\n    pool_id: ID,\n    /// The epoch at which the stake becomes active.\n    stake_activation_epoch: u64,\n    /// The staked SUI tokens.\n    principal: Balance<SUI>,\n}\n\n"}
[FOXY_EVENT] {"type": "file_op", "op": "edit", "label": "crates/sui-framework/packages/sui-system/specs/sources/staking_pool_specs.move"}
[FOXY_EVENT] {"type": "diff", "lines": [["-", 206, "    let result = staking_pool::stake_activation_epoch(staked_sui);"], ["-", 207, "    ensures(result == staking_pool::stake_activation_epoch(staked_sui));"], ["-", 208, "    result"], ["+", null, "    staking_pool::stake_activation_epoch(staked_sui)"]]}
[FOXY_EVENT] {"type": "file_op", "op": "read", "label": "crates/sui-framework/packages/sui-system/specs/sources/staking_pool_specs.move:202-209"}
[FOXY_EVENT] {"type": "inspect", "text": "#[spec(prove, target=staking_pool::stake_activation_epoch, no_opaque)]\nfun stake_activation_epoch_spec(\n    staked_sui: &StakedSui,\n): u64 {\n    staking_pool::stake_activation_epoch(staked_sui)\n}\n\n#[spec(prove, target=staking_pool::staked_sui_amount, ignore_abort, no_opaque)]\n"}
[FOXY_EVENT] {"type": "inspect", "text": "<class 'NoneType'>"}
[FOXY_EVENT] {"type": "inspect", "text": "None"}
[FOXY_EVENT] {"type": "inspect", "text": "#1 prove-from-scratch/improve/attempt-1 (1 items) [running] 2753s"}
[FOXY_EVENT] {"type": "inspect", "text": "#81 sui-prover: specs [done] 576s"}
[FOXY_EVENT] {"type": "inspect", "text": "#82 prove-final-check [done] 513s"}
[FOXY_EVENT] {"type": "inspect", "text": "#83 sui-prover: specs [done] 510s"}
[FOXY_EVENT] {"type": "inspect", "text": "#84 function_local_accesses [done] 466s"}
[FOXY_EVENT] {"type": "inspect", "text": "I need to analyze the `split_spec` function body directly.\n\nThe function body contains only one statement:\n```move\nstaking_pool::split(self, split_amount, ctx)\n```\n\nThis is a function call passing `self` (a `&mut StakedSui`), `split_amount`, and `ctx` as arguments. There are no direct field accesses, struct packing, dynamic field operations, transfers, or event emissions in the function body itself.\n\n- No field reads or writes (passing `self` by `&mut` to another function is not a field access)\n- No struct packing\n- No dynamic field operations\n- No transfers\n- No emits\n\n```json\n{\"reads\": [], \"writes\": [], \"dynamic_reads\": [], \"dynamic_writes\": [], \"transfers\": [], \"emits\": []}\n```"}
[FOXY_EVENT] {"type": "inspect", "text": "#85 prove-split_spec [error] 324s"}
[FOXY_EVENT] {"type": "inspect", "text": "#86 prove-split_spec [done] 324s"}
[FOXY_EVENT] {"type": "inspect", "text": "#87 sui-prover: specs [done] 321s"}
[FOXY_EVENT] {"type": "inspect", "text": "#88 prove-split-fss [error] 156s"}
[FOXY_EVENT] {"type": "inspect", "text": "#89 prove-split-fss [error] 156s"}
[FOXY_EVENT] {"type": "inspect", "text": "#90 sui-prover: specs [done] 151s"}
[FOXY_EVENT] {"type": "inspect", "text": "#91 sui-prover: specs [done] 143s"}
[FOXY_EVENT] {"type": "inspect", "text": "#92 prove-stake_activation_epoch [error] 11s"}
[FOXY_EVENT] {"type": "inspect", "text": "#93 prove-stake_activation_epoch [running] 11s"}
[FOXY_EVENT] {"type": "inspect", "text": "#94 sui-prover: specs [done] 8s"}
[FOXY_EVENT] {"type": "inspect", "text": "status: success"}
[FOXY_EVENT] {"type": "inspect", "text": ""}
[FOXY_EVENT] {"type": "inspect", "text": "keys: ['status', 'result', 'response', 'stop_reason', 'turns', 'tokens_used', 'usage', 'total_usage', 'time_elapsed', 'error', 'cost_usd', 'harness', 'session_dir']"}
[FOXY_EVENT] {"type": "inspect", "text": "result field: {'summary': 'PASS stake_activation_epoch_spec', 'details': ['PASS staking_pool_specs::stake_activation_epoch_spec (_Check)', 'PASS staking_pool_specs::stake_activation_epoch_spec (_Assume)', 'PASS staking_pool_specs::stake_activation_epoch_spec (_SpecNoAbortCheck)'], 'totals': {'passed': 1, 'failed': 0, 'timeout': 0}, 'exit_code': 0, 'status': 'success'}"}
[FOXY_EVENT] {"type": "inspect", "text": "response: None"}
[FOXY_EVENT] {"type": "inspect", "text": "error: None"}
[FOXY_EVENT] {"type": "file_op", "op": "read", "label": "crates/sui-framework/packages/sui-system/specs/sources/staking_pool_specs.move:200-209"}
[FOXY_EVENT] {"type": "inspect", "text": "}\n\n#[spec(prove, target=staking_pool::stake_activation_epoch, no_opaque)]\nfun stake_activation_epoch_spec(\n    staked_sui: &StakedSui,\n): u64 {\n    staking_pool::stake_activation_epoch(staked_sui)\n}\n\n#[spec(prove, target=staking_pool::staked_sui_amount, ignore_abort, no_opaque)]\n"}
