project=/Users/cos/asymptotic/agent/clients/mysten/sui
packages=['/Users/cos/asymptotic/agent/clients/mysten/sui/crates/sui-framework/packages/sui-system', '/Users/cos/asymptotic/agent/clients/mysten/sui/crates/sui-framework/packages/sui-system/specs']
=== SPEC SOURCE ===
#[spec(prove, target=staking_pool::staked_sui_amount, ignore_abort, no_opaque)]
fun staked_sui_amount_spec(
    staked_sui: &StakedSui,
): u64 {
    staking_pool::staked_sui_amount(staked_sui)
}
=== ATTRIBUTES ===
{'prove': True, 'skip': False, 'skip_reason': None, 'target': 'staking_pool::staked_sui_amount', 'no_opaque': True, 'timeout': None, 'spec_only': False, 'focus': False, 'ignore_abort': True, 'uninterpreted': [], 'include': [], 'boogie_opt': [], 'extra_bpl': []}
=== TARGET ===
{'qualified_name': 'staking_pool::staked_sui_amount', 'module': 'staking_pool', 'function_name': 'staked_sui_amount', 'file_path': '/Users/cos/asymptotic/agent/clients/mysten/sui/crates/sui-framework/packages/sui-system/sources/staking_pool.move', 'line_start': 483, 'line_end': 483, 'visibility': 'public', 'is_entry': False, 'function_type': 'source', 'attributes': [], 'source': '/// Returns the principal amount of `StakedSui`.\npublic fun staked_sui_amount(staked_sui: &StakedSui): u64 { staked_sui.principal.value() }'}
spec file dir context
public struct StakedSui has key, store {
    id: UID,
    /// ID of the staking pool we are staking with.
    pool_id: ID,
    /// The epoch at which the stake becomes active.
    stake_activation_epoch: u64,
    /// The staked SUI tokens.
    principal: Balance<SUI>,
}
crates/sui-framework/packages/sui-system/specs/sources/staking_pool_specs.move:210:fun staked_sui_amount_spec(
}

#[spec(prove, target=staking_pool::stake_activation_epoch, no_opaque)]
fun stake_activation_epoch_spec(
    staked_sui: &StakedSui,
): u64 {
    staking_pool::stake_activation_epoch(staked_sui)
}

#[spec(prove, target=staking_pool::staked_sui_amount, ignore_abort, no_opaque)]
fun staked_sui_amount_spec(
    staked_sui: &StakedSui,
): u64 {
    staking_pool::staked_sui_amount(staked_sui)
}

#[spec(prove, target=staking_pool::sui_amount, ignore_abort)]
fun sui_amount_spec(
    exchange_rate: &PoolTokenExchangeRate,
): u64 {
    staking_pool::sui_amount(exchange_rate)
#[spec(prove, target=staking_pool::staked_sui_amount, no_opaque)]
fun staked_sui_amount_spec(
    staked_sui: &StakedSui,
): u64 {
    staking_pool::staked_sui_amount(staked_sui)
}

#[spec(prove, target=staking_pool::sui_amount, ignore_abort)]
None
status=success exit_code=0
🔄 staking_pool_specs::staked_sui_amount_spec_Check
🔄 staking_pool_specs::staked_sui_amount_spec_Assume
🔄 staking_pool_specs::staked_sui_amount_spec_SpecNoAbortCheck
✅ staking_pool_specs::staked_sui_amount_spec_Check
✅ staking_pool_specs::staked_sui_amount_spec_SpecNoAbortCheck
✅ staking_pool_specs::staked_sui_amount_spec_Assume
Verification successful
}

#[spec(prove, target=staking_pool::staked_sui_amount, no_opaque)]
fun staked_sui_amount_spec(
    staked_sui: &StakedSui,
): u64 {
    staking_pool::staked_sui_amount(staked_sui)
}

#[spec(prove, target=staking_pool::sui_amount, ignore_abort)]
