[FOXY_EVENT] {"type": "inspect", "text": "SPEC SOURCE:\n#[spec(prove, target=staking_pool::pool_token_exchange_rate_at_epoch, ignore_abort)]\nfun pool_token_exchange_rate_at_epoch_spec(\n    pool: &StakingPool,\n    epoch: u64,\n): PoolTokenExchangeRate {\n    staking_pool::pool_token_exchange_rate_at_epoch(pool, epoch)\n}"}
[FOXY_EVENT] {"type": "inspect", "text": "SPEC FILE: /Users/cos/asymptotic/agent/clients/mysten/sui/crates/sui-framework/packages/sui-system/specs/sources/staking_pool_specs.foxy/pool_token_exchange_rate_at_epoch_spec/spec.source.move"}
[FOXY_EVENT] {"type": "inspect", "text": "TARGET SOURCE:\n"}
[FOXY_EVENT] {"type": "inspect", "text": "CALLEES:"}
[FOXY_EVENT] {"type": "inspect", "text": "target keys: ['qualified_name', 'module', 'function_name', 'file_path', 'line_start', 'line_end', 'visibility', 'is_entry', 'function_type', 'attributes', 'source']"}
[FOXY_EVENT] {"type": "inspect", "text": "{'qualified_name': 'staking_pool::pool_token_exchange_rate_at_epoch', 'module': 'staking_pool', 'function_name': 'pool_token_exchange_rate_at_epoch', 'file_path': '/Users/cos/asymptotic/agent/clients/mysten/sui/crates/sui-framework/packages/sui-system/sources/staking_pool.move', 'line_start': 592, 'line_end': 613, 'visibility': 'public', 'is_entry': False, 'function_type': 'source', 'attributes': [], 'source': \"public fun pool_token_exchange_rate_at_epoch(\\n    pool: &StakingPool,\\n    epoch: u64,\\n): PoolTokenExchangeRate {\\n    // If the pool is preactive then the exchange rate is always 1:1.\\n    if (pool.is_preactive_at_epoch(epoch)) {\\n        return initial_exchange_rate()\\n    };\\n    let clamped_epoch = pool.deactivation_epoch.get_with_default(epoch);\\n    let mut epoch = clamped_epoch.min(epoch);\\n    let activation_epoch = *pool.activation_epoch.borrow();\\n\\n    // Find the latest epoch that's earlier than the given epoch with an entry in the table\\n    while (epoch >= activation_epoch) {\\n        if (pool.exchange_rates.contains(epoch)) {\\n            return pool.exchange_rates[epoch]\\n        };\\n        epoch = epoch - 1;\\n    };\\n    // This line really should be unreachable. Do we want an assert false here?\\n    initial_exchange_rate()\\n}\"}"}
[FOXY_EVENT] {"type": "inspect", "text": "transitive count: 0"}
[FOXY_EVENT] {"type": "file_op", "op": "grep", "label": "fun is_preactive_at_epoch in *.move"}
[FOXY_EVENT] {"type": "inspect", "text": "crates/sui-framework/packages/sui-system/sources/staking_pool.move:638:fun is_preactive_at_epoch(pool: &StakingPool, epoch: u64): bool {"}
[FOXY_EVENT] {"type": "file_op", "op": "grep", "label": "initial_exchange_rate in *.move"}
[FOXY_EVENT] {"type": "inspect", "text": "crates/sui-framework/packages/sui-system/sources/staking_pool.move:448:    pool.exchange_rates.add(activation_epoch, initial_exchange_rate());\ncrates/sui-framework/packages/sui-system/sources/staking_pool.move:598:        return initial_exchange_rate()\ncrates/sui-framework/packages/sui-system/sources/staking_pool.move:612:    initial_exchange_rate()\ncrates/sui-framework/packages/sui-system/sources/staking_pool.move:663:fun initial_exchange_rate(): PoolTokenExchangeRate {"}
[FOXY_EVENT] {"type": "file_op", "op": "read", "label": "/Users/cos/asymptotic/agent/clients/mysten/sui/crates/sui-framework/packages/sui-system/sources/staking_pool.move:636-670"}
[FOXY_EVENT] {"type": "inspect", "text": "\n/// Returns true if the provided staking pool is preactive at the provided epoch.\nfun is_preactive_at_epoch(pool: &StakingPool, epoch: u64): bool {\n    // Either the pool is currently preactive or the pool's starting epoch is later than the provided epoch.\n    pool.is_preactive() || (*pool.activation_epoch.borrow() > epoch)\n}\n\nfun get_sui_amount(exchange_rate: &PoolTokenExchangeRate, token_amount: u64): u64 {\n    // When either amount is 0, that means we have no stakes with this pool.\n    // The other amount might be non-zero when there's dust left in the pool.\n    if (exchange_rate.sui_amount == 0 || exchange_rate.pool_token_amount == 0) {\n        return token_amount\n    };\n\n    mul_div!(exchange_rate.sui_amount, token_amount, exchange_rate.pool_token_amount)\n}\n\nfun get_token_amount(exchange_rate: &PoolTokenExchangeRate, sui_amount: u64): u64 {\n    // When either amount is 0, that means we have no stakes with this pool.\n    // The other amount might be non-zero when there's dust left in the pool.\n    if (exchange_rate.sui_amount == 0 || exchange_rate.pool_token_amount == 0) {\n        return sui_amount\n    };\n\n    mul_div!(exchange_rate.pool_token_amount, sui_amount, exchange_rate.sui_amount)\n}\n\nfun initial_exchange_rate(): PoolTokenExchangeRate {\n    PoolTokenExchangeRate { sui_amount: 0, pool_token_amount: 0 }\n}\n\nfun check_balance_invariants(pool: &StakingPool, epoch: u64) {\n    let exchange_rate = pool.pool_token_exchange_rate_at_epoch(epoch);\n    // check that the pool token balance and sui balance ratio matches the exchange rate stored.\n    let expected = exchange_rate.get_token_amount(pool.sui_balance);\n"}
[FOXY_EVENT] {"type": "file_op", "op": "grep", "label": "fun is_preactive\\b in *.move"}
[FOXY_EVENT] {"type": "inspect", "text": "crates/sui-framework/packages/sui-system/sources/staking_pool.move:493:public fun is_preactive(pool: &StakingPool): bool {\ncrates/sui-framework/packages/sui-system/sources/validator.move:445:public fun is_preactive(self: &Validator): bool {"}
[FOXY_EVENT] {"type": "file_op", "op": "grep", "label": "activation_epoch:  in *.move"}
[FOXY_EVENT] {"type": "inspect", "text": "crates/sui-framework/packages/sui-system/sources/staking_pool.move:42:    activation_epoch: Option<u64>,\ncrates/sui-framework/packages/sui-system/sources/staking_pool.move:45:    deactivation_epoch: Option<u64>,\ncrates/sui-framework/packages/sui-system/sources/staking_pool.move:80:    stake_activation_epoch: u64,\ncrates/sui-framework/packages/sui-system/sources/staking_pool.move:119:        activation_epoch: option::none(),\ncrates/sui-framework/packages/sui-system/sources/staking_pool.move:120:        deactivation_epoch: option::none(),\ncrates/sui-framework/packages/sui-system/sources/staking_pool.move:138:    stake_activation_epoch: u64,\ncrates/sui-framework/packages/sui-system/sources/staking_pool.move:446:public(package) fun activate_staking_pool(pool: &mut StakingPool, activation_epoch: u64) {\ncrates/sui-framework/packages/sui-system/sources/staking_pool.move:461:public(package) fun deactivate_staking_pool(pool: &mut StakingPool, deactivation_epoch: u64) {\ncrates/sui-framework/packages/sui-system/sources/staking_pool.move:557:        stake_activation_epoch: self.stake_activation_epoch,\ncrates/sui-framework/packages/sui-system/sources/validator.move:148:    stake_activation_epoch: u64,\ncrates/sui-framework/packages/sui-system/sources/validator.move:157:    stake_activation_epoch: u64,\ncrates/sui-framework/packages/sui-system/sources/validator.move:266:public(package) fun deactivate(self: &mut Validator, deactivation_epoch: u64) {\ncrates/sui-framework/packages/sui-system/sources/validator.move:271:public(package) fun activate(self: &mut Validator, activation_epoch: u64) {"}
[FOXY_EVENT] {"type": "file_op", "op": "grep", "label": "exchange_rates:  in *.move"}
[FOXY_EVENT] {"type": "inspect", "text": "crates/sui-framework/packages/sui-system/sources/staking_pool.move:56:    exchange_rates: Table<u64, PoolTokenExchangeRate>,\ncrates/sui-framework/packages/sui-system/sources/staking_pool.move:124:        exchange_rates: table::new(ctx),"}
[FOXY_EVENT] {"type": "file_op", "op": "read", "label": "/Users/cos/asymptotic/agent/clients/mysten/sui/crates/sui-framework/packages/sui-system/sources/staking_pool.move:490-500"}
[FOXY_EVENT] {"type": "inspect", "text": "}\n\n/// Returns true if the input staking pool is preactive.\npublic fun is_preactive(pool: &StakingPool): bool {\n    pool.activation_epoch.is_none()\n}\n\n/// Returns the activation epoch of the `StakingPool`. For validator candidates,\n/// or pending validators, the value returned is `None`. For active validators,\n/// the value is the epoch before the validator was activated.\npublic(package) fun activation_epoch(pool: &StakingPool): Option<u64> {\n"}
[FOXY_EVENT] {"type": "file_op", "op": "read", "label": "/Users/cos/asymptotic/agent/clients/mysten/sui/crates/sui-framework/packages/sui-system/sources/staking_pool.move:36-60"}
[FOXY_EVENT] {"type": "inspect", "text": "\n/// A staking pool embedded in each validator struct in the system state object.\npublic struct StakingPool has key, store {\n    id: UID,\n    /// The epoch at which this pool became active.\n    /// The value is `None` if the pool is pre-active and `Some(<epoch_number>)` if active or inactive.\n    activation_epoch: Option<u64>,\n    /// The epoch at which this staking pool ceased to be active. `None` = {pre-active, active},\n    /// `Some(<epoch_number>)` if in-active, and it was de-activated at epoch `<epoch_number>`.\n    deactivation_epoch: Option<u64>,\n    /// The total number of SUI tokens in this pool, including the SUI in the rewards_pool, as well as in all the principal\n    /// in the `StakedSui` object, updated at epoch boundaries.\n    sui_balance: u64,\n    /// The epoch stake rewards will be added here at the end of each epoch.\n    rewards_pool: Balance<SUI>,\n    /// Total number of pool tokens issued by the pool.\n    pool_token_balance: u64,\n    /// Exchange rate history of previous epochs. Key is the epoch number.\n    /// The entries start from the `activation_epoch` of this pool and contains exchange rates at the beginning of each epoch,\n    /// i.e., right after the rewards for the previous epoch have been deposited into the pool.\n    exchange_rates: Table<u64, PoolTokenExchangeRate>,\n    /// Pending stake amount for this epoch, emptied at epoch boundaries.\n    pending_stake: u64,\n    /// Pending stake withdrawn during the current epoch, emptied at epoch boundaries.\n    /// This includes both the principal and rewards SUI withdrawn.\n"}
[FOXY_EVENT] {"type": "file_op", "op": "read", "label": "/Users/cos/asymptotic/agent/clients/mysten/sui/crates/sui-framework/packages/sui-system/specs/sources/staking_pool_specs.move:1-40"}
[FOXY_EVENT] {"type": "inspect", "text": "module specs::staking_pool_specs;\n\nuse sui::tx_context::TxContext;\n\nuse sui_system::staking_pool::PoolTokenExchangeRate;\n\nuse sui_system::staking_pool::StakingPool;\n\nuse sui_system::staking_pool::StakedSui;\n\nuse sui_system::staking_pool;\nuse sui_system::staking_pool::FungibleStakedSui;\nuse sui::object::ID;\n\n#[spec_only]\nuse prover::prover::{asserts, ensures};\n#[spec_only]\nuse prover::ghost;\n#[spec_only]\nuse specs::transfer_spec::{SpecTransferAddress, SpecTransferAddressExists};\n\nconst MIN_STAKING_THRESHOLD: u64 = 1_000_000_000;\n\n// @VERIFY(\ud83d\udee1\ufe0f/\u2705)\n#[spec(prove, target=staking_pool::fungible_staked_sui_pool_id, no_opaque)]\nfun fungible_staked_sui_pool_id_spec(\n    fungible_staked_sui: &FungibleStakedSui,\n): ID {\n    staking_pool::fungible_staked_sui_pool_id(fungible_staked_sui)\n}\n\n// @VERIFY(\ud83d\udee1\ufe0f/\u2705)\n#[spec(prove, target=staking_pool::fungible_staked_sui_value, no_opaque)]\nfun fungible_staked_sui_value_spec(\n    fungible_staked_sui: &FungibleStakedSui,\n): u64 {\n    staking_pool::fungible_staked_sui_value(fungible_staked_sui)\n}\n\n// @VERIFY(\u2699\ufe0f/\u2705)\n"}
[FOXY_EVENT] {"type": "file_op", "op": "grep", "label": "pool_token_exchange_rate_at_epoch in staking_pool_specs.move"}
[FOXY_EVENT] {"type": "inspect", "text": ""}
[FOXY_EVENT] {"type": "file_op", "op": "read", "label": "/Users/cos/asymptotic/agent/clients/mysten/sui/crates/sui-framework/packages/sui-system/specs/sources/staking_pool_specs.move"}
[FOXY_EVENT] {"type": "inspect", "text": "file length lines: 208"}
[FOXY_EVENT] {"type": "inspect", "text": "'pool_token_exchange_rate_at_epoch' in file: True"}
[FOXY_EVENT] {"type": "inspect", "text": "'pool_token_exchange_rate' occurrences: 3"}
[FOXY_EVENT] {"type": "file_op", "op": "grep", "label": "is_preactive in staking_pool_specs.move"}
[FOXY_EVENT] {"type": "inspect", "text": ""}
[FOXY_EVENT] {"type": "file_op", "op": "grep", "label": "loop_inv in staking_pool_specs.move"}
[FOXY_EVENT] {"type": "inspect", "text": ""}
[FOXY_EVENT] {"type": "inspect", "text": ",\n): u64 {\n    staking_pool::pool_token_amount(exchange_rate)\n}\n\n#[spec(prove, target=staking_pool::pool_token_exchange_rate_at_epoch, ignore_abort)]\nfun pool_token_exchange_rate_at_epoch_spec(\n    pool: &StakingPool,\n  "}
[FOXY_EVENT] {"type": "inspect", "text": "---"}
[FOXY_EVENT] {"type": "inspect", "text": "e_rate)\n}\n\n#[spec(prove, target=staking_pool::pool_token_exchange_rate_at_epoch, ignore_abort)]\nfun pool_token_exchange_rate_at_epoch_spec(\n    pool: &StakingPool,\n    epoch: u64,\n): PoolTokenExchangeRate {\n    staking_p"}
[FOXY_EVENT] {"type": "inspect", "text": "---"}
[FOXY_EVENT] {"type": "inspect", "text": "at_epoch_spec(\n    pool: &StakingPool,\n    epoch: u64,\n): PoolTokenExchangeRate {\n    staking_pool::pool_token_exchange_rate_at_epoch(pool, epoch)\n}\n\n#[spec(prove, target=staking_pool::split, ignore_abort, no_opaque)]\nfu"}
[FOXY_EVENT] {"type": "inspect", "text": "---"}
[FOXY_EVENT] {"type": "file_op", "op": "read", "label": "/Users/cos/asymptotic/agent/clients/mysten/sui/crates/sui-framework/packages/sui-system/sources/staking_pool.move:446-462"}
[FOXY_EVENT] {"type": "inspect", "text": "public(package) fun activate_staking_pool(pool: &mut StakingPool, activation_epoch: u64) {\n    // Add the initial exchange rate to the table.\n    pool.exchange_rates.add(activation_epoch, initial_exchange_rate());\n    // Check that the pool is preactive and not inactive.\n    assert!(pool.is_preactive(), EPoolAlreadyActive);\n    assert!(!pool.is_inactive(), EActivationOfInactivePool);\n    // Fill in the active epoch.\n    pool.activation_epoch.fill(activation_epoch);\n}\n\n// ==== inactive pool related ====\n\n/// Deactivate a staking pool by setting the `deactivation_epoch`. After\n/// this pool deactivation, the pool stops earning rewards. Only stake\n/// withdraws can be made to the pool.\npublic(package) fun deactivate_staking_pool(pool: &mut StakingPool, deactivation_epoch: u64) {\n    // We can't deactivate an already deactivated pool.\n"}
[FOXY_EVENT] {"type": "file_op", "op": "grep", "label": "public.*fun activation_epoch in staking_pool.move"}
[FOXY_EVENT] {"type": "inspect", "text": ""}
[FOXY_EVENT] {"type": "inspect", "text": "present: True"}
[FOXY_EVENT] {"type": "file_op", "op": "grep", "label": "fun exchange_rates\\b in staking_pool.move"}
[FOXY_EVENT] {"type": "inspect", "text": ""}
[FOXY_EVENT] {"type": "file_op", "op": "grep", "label": "ext(pure) in staking_pool.move"}
[FOXY_EVENT] {"type": "inspect", "text": ""}
[FOXY_EVENT] {"type": "file_op", "op": "read", "label": "/Users/cos/asymptotic/agent/clients/mysten/sui/crates/sui-framework/packages/sui-system/sources/staking_pool.move:496-530"}
[FOXY_EVENT] {"type": "inspect", "text": "\n/// Returns the activation epoch of the `StakingPool`. For validator candidates,\n/// or pending validators, the value returned is `None`. For active validators,\n/// the value is the epoch before the validator was activated.\npublic(package) fun activation_epoch(pool: &StakingPool): Option<u64> {\n    pool.activation_epoch\n}\n\n/// Returns true if the input staking pool is inactive.\npublic fun is_inactive(pool: &StakingPool): bool {\n    pool.deactivation_epoch.is_some()\n}\n\npublic use fun fungible_staked_sui_value as FungibleStakedSui.value;\n\npublic fun fungible_staked_sui_value(fungible_staked_sui: &FungibleStakedSui): u64 {\n    fungible_staked_sui.value\n}\n\npublic use fun split_fungible_staked_sui as FungibleStakedSui.split;\n\npublic fun split_fungible_staked_sui(\n    fungible_staked_sui: &mut FungibleStakedSui,\n    split_amount: u64,\n    ctx: &mut TxContext,\n): FungibleStakedSui {\n    assert!(split_amount <= fungible_staked_sui.value, EInsufficientPoolTokenBalance);\n\n    fungible_staked_sui.value = fungible_staked_sui.value - split_amount;\n\n    FungibleStakedSui {\n        id: object::new(ctx),\n        pool_id: fungible_staked_sui.pool_id,\n        value: split_amount,\n    }\n"}
[FOXY_EVENT] {"type": "file_op", "op": "grep", "label": "test_only in staking_pool.move"}
[FOXY_EVENT] {"type": "inspect", "text": ""}
[FOXY_EVENT] {"type": "file_op", "op": "read", "label": "/Users/cos/asymptotic/agent/clients/mysten/sui/crates/sui-framework/packages/sui-system/sources/staking_pool.move:580-615"}
[FOXY_EVENT] {"type": "inspect", "text": "    let StakedSui { id, principal, .. } = other;\n\n    id.delete();\n    self.principal.join(principal);\n}\n\n/// Returns true if all the staking parameters of the staked sui except the principal are identical\npublic fun is_equal_staking_metadata(self: &StakedSui, other: &StakedSui): bool {\n    (self.pool_id == other.pool_id) &&\n    (self.stake_activation_epoch == other.stake_activation_epoch)\n}\n\npublic fun pool_token_exchange_rate_at_epoch(\n    pool: &StakingPool,\n    epoch: u64,\n): PoolTokenExchangeRate {\n    // If the pool is preactive then the exchange rate is always 1:1.\n    if (pool.is_preactive_at_epoch(epoch)) {\n        return initial_exchange_rate()\n    };\n    let clamped_epoch = pool.deactivation_epoch.get_with_default(epoch);\n    let mut epoch = clamped_epoch.min(epoch);\n    let activation_epoch = *pool.activation_epoch.borrow();\n\n    // Find the latest epoch that's earlier than the given epoch with an entry in the table\n    while (epoch >= activation_epoch) {\n        if (pool.exchange_rates.contains(epoch)) {\n            return pool.exchange_rates[epoch]\n        };\n        epoch = epoch - 1;\n    };\n    // This line really should be unreachable. Do we want an assert false here?\n    initial_exchange_rate()\n}\n\n/// Returns the total value of the pending staking requests for this staking pool.\n"}
[FOXY_EVENT] {"type": "file_op", "op": "read", "label": "/Users/cos/asymptotic/agent/clients/mysten/sui/crates/sui-framework/packages/sui-system/sources/staking_pool.move"}
[FOXY_EVENT] {"type": "inspect", "text": "anchor present: True"}
[FOXY_EVENT] {"type": "file_op", "op": "grep", "label": "ext(pure) in *.move"}
[FOXY_EVENT] {"type": "inspect", "text": ""}
[FOXY_EVENT] {"type": "file_op", "op": "grep", "label": "#\\[ext in *.move"}
[FOXY_EVENT] {"type": "inspect", "text": ""}
[FOXY_EVENT] {"type": "file_op", "op": "glob", "label": "**/*.move in crates/sui-framework/packages/sui-system/specs"}
[FOXY_EVENT] {"type": "inspect", "text": "['sources/staking_pool_specs.move']"}
[FOXY_EVENT] {"type": "file_op", "op": "grep", "label": "loop_inv in *.move"}
[FOXY_EVENT] {"type": "inspect", "text": ""}
[FOXY_EVENT] {"type": "inspect", "text": "/Users/cos/.move/https___github_com_MystenLabs_sui_git_testnet/crates/sui-framework/packages/sui-framework/tests/prover_tests.move\n/Users/cos/.move/https___github_com_MystenLabs_sui_git_testnet/crates/sui-framework/packages/sui-framework/sources/prover.move\n/Users/cos/.move/https___github_com_MystenLabs_sui_git_testnet-v1.52.1/external-crates/move/tooling/tree-sitter/tests/prover.move\n/Users/cos/.move/https___github_com_MystenLabs_sui_git_testnet-v1.52.1/crates/sui-framework/packages/sui-framework/tests/prover_tests.move\n/Users/cos/.move/https___github_com_MystenLabs_sui_git_testnet-v1.52.1/crates/sui-framework/packages/sui-framework/sources/prover.move\n/Users/cos/.move/https___github_com_MystenLabs_sui_git_edfb00f26f1e5d967a71ccba828e6c01dfb9db0d/crates/sui-framework/packages/sui-framework/tests/prover_tests.move\n/Users/cos/.move/https___github_com_MystenLabs_sui_git_edfb00f26f1e5d967a71ccba828e6c01dfb9db0d/crates/sui-framework/packages/sui-framework/sources/prover.move\n/Users/cos/.move/https___github_com_MystenLabs_sui_git_mainnet/crates/sui-framework/packages/sui-framework/tests/prover_tests.move\n/Users/cos/.move/https___github_com_MystenLabs_sui_git_mainnet/crates/sui-framework/packages/sui-framework/sources/prover.move\n/Users/cos/.move/https___github_com_asymptotic-code_sui_git_next/crates/sui-framework/packages/sui-framework/tests/prover_tests.move\n/Users/cos/.move/https___github_com_asymptotic-code_sui_git_next/crates/sui-framework/packages/sui-framework/sources/prover"}
[FOXY_EVENT] {"type": "inspect", "text": ""}
[FOXY_EVENT] {"type": "inspect", "text": ""}
[FOXY_EVENT] {"type": "inspect", "text": "\nERR:ls: /Users/cos/.move/https___github_com_asymptotic-code_sui_git_next/crates/sui-framework/packages/sui-framework/sources/prover: No such file or directory\n"}
[FOXY_EVENT] {"type": "inspect", "text": "/Users/cos/.move/https___github_com_asymptotic-code_sui_git_next/external-crates/move/crates/move-compiler/tests/move_2024/typing/let_mut_assign_loop_invalid.snap\n/Users/cos/.move/https___github_com_asymptotic-code_sui_git_next/external-crates/move/crates/move-compiler/tests/move_check/liveness/dead_refs_loop_invalid.snap\n/Users/cos/.move/https___github_com_asymptotic-code_sui_git_next/external-crates/move/crates/move-compiler/src/shared/known_attributes.rs\n/Users/cos/.move/https___github_com_asymptotic-code_sui_git_next/external-crates/move/crates/move-compiler/src/parser/attributes.rs\n/Users/cos/.move/https___github_com_asymptotic-code_sui_git_next/external-crates/move/crates/move-compiler/src/parser/ast.rs\n/Users/cos/.move/https___github_com_asymptotic-code_sui_git_next/external-crates/move/crates/move-compiler/src/expansion/attributes.rs\n/Users/cos/.move/https___github_com_asymptotic-code_sui_git_next/external-crates/move/crates/move-stackless-bytecode/src/stackless_bytecode_generator.rs\n/Users/cos/.move/https___github_com_asymptotic-code_sui_git_next/external-crates/move/crates/move-stackless-bytecode/src/function_target.rs\n/Users/cos/.move/https___github_com_asymptotic-code_sui_git_next/external-crates/move/crates/move-stackless-bytecode/src/loop_analysis.rs\n/Users/cos/.move/https___github_com_asymptotic-code_sui_git_next/.git/index\n"}
[FOXY_EVENT] {"type": "inspect", "text": "prover.move ext:\n"}
[FOXY_EVENT] {"type": "inspect", "text": "/Users/cos/.move/https___github_com_asymptotic-code_sui_git_next/crates/sui-framework/packages/move-stdlib/sources/q_ray.move\n/Users/cos/.move/https___github_com_asymptotic-code_sui_git_next/crates/sui-framework/packages/move-stdlib/sources/string.move\n/Users/cos/.move/https___github_com_asymptotic-code_sui_git_next/crates/sui-framework/packages/move-stdlib/sources/address.move\n/Users/cos/.move/https___github_com_asymptotic-code_sui_git_next/crates/sui-framework/packages/move-stdlib/sources/u256.move\n/Users/cos/.move/https___github_com_asymptotic-code_sui_git_next/crates/sui-framework/packages/move-stdlib/sources/u128.move\n/Users/cos/.move/https___github_com_asymptotic-code_sui_git_next/crates/sui-framework/packages/move-stdlib/sources/option.move\n/Users/cos/.move/https___github_com_asymptotic-code_sui_git_next/crates/sui-framework/packages/move-stdlib/sources/bit_vector.move\n/Users/cos/.move/https___github_com_asymptotic-code_sui_git_next/crates/sui-framework/packages/move-stdlib/sources/u16.move\n/Users/cos/.move/https___github_com_asymptotic-code_sui_git_next/crates/sui-framework/packages/move-stdlib/sources/u8.move\n/Users/cos/.move/https___github_com_asymptotic-code_sui_git_next/crates/sui-framework/packages/move-stdlib/sources/q_wad.move\n/Users/cos/.move/https___github_com_asymptotic-code_sui_git_next/crates/sui-framework/packages/move-stdlib/sources/ascii.move\n/Users/cos/.move/https___github_com_asymptotic-code_sui_git_next/crates/sui-framework/packages/move-stdlib/sources/type_name.move\n/Users/cos/.move/https___github_com_asymptotic-code_sui_git_next/crates/sui-framework/packages/move-stdlib/sources/integer.move\n/Users/cos/.move/https___github_com_asymptotic-code_sui_git_next/crates/sui-framework/packages/move-stdlib/sources/fixed_point32.move\n/Users/cos/.move/https___github_com_asymptotic-code_sui_git_next/crates/sui-framework/packages/move-stdlib/sources/q64.move\n/Users/cos/.move/https___github_com_asymptotic-code_sui_git_next/crates/sui-framework/packages/m"}
[FOXY_EVENT] {"type": "inspect", "text": "88:#[ext(pure)]\n"}
[FOXY_EVENT] {"type": "inspect", "text": "files with loop_inv:\n"}
[FOXY_EVENT] {"type": "file_op", "op": "read", "label": "/Users/cos/.move/https___github_com_asymptotic-code_sui_git_next/crates/sui-framework/packages/move-stdlib/sources/bit_vector.move:84-95"}
[FOXY_EVENT] {"type": "inspect", "text": "    bitvector.bit_field[bit_index]\n}\n\n/// Return the length (number of usable bits) of this bitvector\n#[ext(pure)]\npublic fun length(bitvector: &BitVector): u64 {\n    bitvector.bit_field.length()\n}\n\n/// Returns the length of the longest sequence of set bits starting at (and\n/// including) `start_index` in the `bitvector`. If there is no such\n/// sequence, then `0` is returned.\n"}
[FOXY_EVENT] {"type": "file_op", "op": "read", "label": "/Users/cos/asymptotic/agent/clients/mysten/sui/crates/sui-framework/packages/sui-system/sources/staking_pool.move"}
[FOXY_EVENT] {"type": "file_op", "op": "edit", "label": "/Users/cos/asymptotic/agent/clients/mysten/sui/crates/sui-framework/packages/sui-system/sources/staking_pool.move"}
[FOXY_EVENT] {"type": "diff", "lines": [["+", null, ""], ["+", null, "#[test_only, ext(pure)]"], ["+", null, "public fun spec_exchange_rates_contains(pool: &StakingPool, epoch: u64): bool {"], ["+", null, "    pool.exchange_rates.contains(epoch)"], ["+", null, "}"]]}
[FOXY_EVENT] {"type": "inspect", "text": "added accessor"}
[FOXY_EVENT] {"type": "inspect", "text": "{'prove': True, 'skip': False, 'skip_reason': None, 'target': 'staking_pool::pool_token_exchange_rate_at_epoch', 'no_opaque': False, 'timeout': None, 'spec_only': False, 'focus': False, 'ignore_abort': True, 'uninterpreted': [], 'include': [], 'boogie_opt': [], 'extra_bpl': []}"}
[FOXY_EVENT] {"type": "file_op", "op": "read", "label": "/Users/cos/asymptotic/agent/clients/mysten/sui/crates/sui-framework/packages/sui-system/sources/staking_pool.move:590-624"}
[FOXY_EVENT] {"type": "inspect", "text": "}\n\npublic fun pool_token_exchange_rate_at_epoch(\n    pool: &StakingPool,\n    epoch: u64,\n): PoolTokenExchangeRate {\n    // If the pool is preactive then the exchange rate is always 1:1.\n    if (pool.is_preactive_at_epoch(epoch)) {\n        return initial_exchange_rate()\n    };\n    let clamped_epoch = pool.deactivation_epoch.get_with_default(epoch);\n    let mut epoch = clamped_epoch.min(epoch);\n    let activation_epoch = *pool.activation_epoch.borrow();\n\n    // Find the latest epoch that's earlier than the given epoch with an entry in the table\n    while (epoch >= activation_epoch) {\n        if (pool.exchange_rates.contains(epoch)) {\n            return pool.exchange_rates[epoch]\n        };\n        epoch = epoch - 1;\n    };\n    // This line really should be unreachable. Do we want an assert false here?\n    initial_exchange_rate()\n}\n\n#[test_only, ext(pure)]\npublic fun spec_exchange_rates_contains(pool: &StakingPool, epoch: u64): bool {\n    pool.exchange_rates.contains(epoch)\n}\n\n/// Returns the total value of the pending staking requests for this staking pool.\npublic fun pending_stake_amount(staking_pool: &StakingPool): u64 {\n    staking_pool.pending_stake\n}\n\n"}
[FOXY_EVENT] {"type": "file_op", "op": "read", "label": "/Users/cos/asymptotic/agent/clients/mysten/sui/crates/sui-framework/packages/sui-system/specs/sources/staking_pool_specs.move"}
[FOXY_EVENT] {"type": "inspect", "text": "old present: True"}
[FOXY_EVENT] {"type": "file_op", "op": "edit", "label": "/Users/cos/asymptotic/agent/clients/mysten/sui/crates/sui-framework/packages/sui-system/specs/sources/staking_pool_specs.move"}
[FOXY_EVENT] {"type": "diff", "lines": [["-", 16, "use prover::prover::{asserts, ensures};"], ["+", null, "use prover::prover::{asserts, ensures, requires};"]]}
[FOXY_EVENT] {"type": "file_op", "op": "edit", "label": "/Users/cos/asymptotic/agent/clients/mysten/sui/crates/sui-framework/packages/sui-system/specs/sources/staking_pool_specs.move"}
[FOXY_EVENT] {"type": "diff", "lines": [["-", 135, "#[spec(prove, target=staking_pool::pool_token_exchange_rate_at_epoch, ignore_abort)]"], ["+", null, "#[spec_only(loop_inv(target = staking_pool::pool_token_exchange_rate_at_epoch)), ext(no_abort)]"], ["+", null, "fun pool_token_exchange_rate_at_epoch_loop_inv("], ["+", null, "    pool: &StakingPool,"], ["+", null, "    epoch: u64,"], ["+", null, "    activation_epoch: u64,"], ["+", null, "): bool {"], ["+", null, "    epoch >= activation_epoch"], ["+", null, "        && staking_pool::spec_exchange_rates_contains(pool, activation_epoch)"], ["+", null, "}"], ["+", null, ""], ["+", null, "// @VERIFY(\ud83d\udee1\ufe0f/\u2705)"], ["+", null, "#[spec(prove, target=staking_pool::pool_token_exchange_rate_at_epoch)]"], ["+", null, "    requires(pool.activation_epoch().is_none()"], ["+", null, "        || staking_pool::spec_exchange_rates_contains(pool, *pool.activation_epoch().borrow()));"]]}
[FOXY_EVENT] {"type": "inspect", "text": "edits applied"}
[FOXY_EVENT] {"type": "file_op", "op": "grep", "label": "pool_token_exchange_rate_at_epoch in staking_pool_specs.move"}
[FOXY_EVENT] {"type": "inspect", "text": ""}
[FOXY_EVENT] {"type": "file_op", "op": "read", "label": "/Users/cos/asymptotic/agent/clients/mysten/sui/crates/sui-framework/packages/sui-system/specs/sources/staking_pool_specs.move"}
[FOXY_EVENT] {"type": "inspect", "text": "en_amount(exchange_rate)\n}\n\n#[spec_only(loop_inv(target = staking_pool::pool_token_exchange_rate_at_epoch)), ext(no_abort)]\nfun pool_token_exchange_rate_at_epoch_loop_inv(\n    pool: &StakingPool,\n    epoch: u64,\n    activation_epoch: u64,\n): bool {\n    epoch >= activation_epoch\n        && staking_pool::spec_exchange_rates_contains(pool, activation_epoch)\n}\n\n// @VERIFY(\ud83d\udee1\ufe0f/\u2705)\n#[spec(prove, target=staking_pool::pool_token_exchange_rate_at_epoch)]\nfun pool_token_exchange_rate_at_epoch_spec(\n    pool: &StakingPool,\n    epoch: u64,\n): PoolTokenExchangeRate {\n    requires(pool.activation_epoch().is_none()\n        || staking_pool::spec_exchange_rates_contains(pool, *pool.activation_epoch().borrow()));\n    staking_pool::pool_token_exchange_rate_at_epoch(pool, epoch)\n}\n\n#[spec(prove, targe"}
[FOXY_EVENT] {"type": "inspect", "text": "['/Users/cos/asymptotic/agent/clients/mysten/sui/crates/sui-framework/packages/sui-system', '/Users/cos/asymptotic/agent/clients/mysten/sui/crates/sui-framework/packages/sui-system/specs']"}
[FOXY_EVENT] {"type": "inspect", "text": "<class 'NoneType'> : None"}
[FOXY_EVENT] {"type": "inspect", "text": "#1 prove-from-scratch/improve/attempt-1 (1 items) [running] 1996s"}
[FOXY_EVENT] {"type": "inspect", "text": "#64 prove-pending_stake_withdraw_amount [error] 523s"}
[FOXY_EVENT] {"type": "inspect", "text": "#65 prove-pending_stake_withdraw_amount [done] 523s"}
[FOXY_EVENT] {"type": "inspect", "text": "#66 sui-prover: specs [done] 519s"}
[FOXY_EVENT] {"type": "inspect", "text": "#67 function_local_accesses [done] 491s"}
[FOXY_EVENT] {"type": "inspect", "text": "I need to analyze the `pool_id_spec` function body directly.\n\nThe function body contains a single call: `staking_pool::pool_id(staked_sui)` \u2014 this is a function call, not a field access. The parameter `staked_sui: &StakedSui` is passed by reference to the function, which is just an argument pass, not a field access.\n\nThere are no static field accesses, dynamic field accesses, transfers, or emits directly in this function body.\n\n```json\n{\"reads\": [], \"writes\": [], \"dynamic_reads\": [], \"dynamic_writes\": [], \"transfers\": [], \"emits\": []}\n```"}
[FOXY_EVENT] {"type": "inspect", "text": "#68 prove-pool_id_spec [error] 422s"}
[FOXY_EVENT] {"type": "inspect", "text": "#69 prove-pool_id_spec [done] 422s"}
[FOXY_EVENT] {"type": "inspect", "text": "#70 sui-prover: specs [done] 419s"}
[FOXY_EVENT] {"type": "inspect", "text": "#71 prove-pool_token_amount_spec [error] 306s"}
[FOXY_EVENT] {"type": "inspect", "text": "#72 prove-pool_token_amount_spec [done] 306s"}
[FOXY_EVENT] {"type": "inspect", "text": "#73 sui-prover: specs [done] 301s"}
[FOXY_EVENT] {"type": "inspect", "text": "#74 function_local_accesses [done] 264s"}
[FOXY_EVENT] {"type": "inspect", "text": "{\"reads\": [{\"reads\": [[\"staking_pool::StakingPool\", \"exchange_rates\", [\"table::Table<u64, staking_pool::PoolTokenExchangeRate>\"]]]}], \"writes\": [], \"dynamic_reads\": [], \"dynamic_writes\": [], \"transfers\": [], \"emits\": []}\n\nWait, let me re-analyze this carefully.\n\nThe function body is:\n```move\nstaking_pool::pool_token_exchange_rate_at_epoch(pool, epoch)\n```\n\nThis is simply a function call passing `pool` by reference. There are no direct field accesses in this function body \u2014 no dot accesses, no struct packing, no destructuring, no dynamic field ops, no transfers, no emits.\n\n{\"reads\": [], \"writes\": [], \"dynamic_reads\": [], \"dynamic_writes\": [], \"transfers\": [], \"emits\": []}"}
[FOXY_EVENT] {"type": "inspect", "text": "#75 prove-exch-rate [error] 6s"}
[FOXY_EVENT] {"type": "inspect", "text": "#76 prove-exch-rate [running] 6s"}
[FOXY_EVENT] {"type": "inspect", "text": "#77 sui-prover: specs [error] 2s"}
[FOXY_EVENT] {"type": "inspect", "text": "TASK 75 (error):"}
[FOXY_EVENT] {"type": "inspect", "text": "{'status': 'error', 'error': 'fork setup timed out'}"}
[FOXY_EVENT] {"type": "inspect", "text": "TASK 77 (error):"}
[FOXY_EVENT] {"type": "inspect", "text": "{'status': 'error', 'error': 'exit code 1'}"}
[FOXY_EVENT] {"type": "inspect", "text": "no log"}
[FOXY_EVENT] {"type": "inspect", "text": "76 status: running"}
[FOXY_EVENT] {"type": "inspect", "text": "success: True"}
[FOXY_EVENT] {"type": "inspect", "text": ""}
[FOXY_EVENT] {"type": "inspect", "text": "All three phases pass."}
[FOXY_EVENT] {"type": "inspect", "text": "All three phases pass."}
[FOXY_EVENT] {"type": "inspect", "text": "RESULT struct: {'summary': 'PASS pool_token_exchange_rate_at_epoch_spec (_Check, _Assume, _SpecNoAbortCheck)\\n\\nTotal: 1 passed / 0 failed / 0 timeout', 'pass': ['pool_token_exchange_rate_at_epoch_spec'], 'fail': [], 'timeout': [], 'exit_code': 0}"}
[FOXY_EVENT] {"type": "file_op", "op": "read", "label": "/Users/cos/asymptotic/agent/clients/mysten/sui/crates/sui-framework/packages/sui-system/specs/sources/staking_pool_specs.move"}
[FOXY_EVENT] {"type": "inspect", "text": "only(loop_inv(target = staking_pool::pool_token_exchange_rate_at_epoch)), ext(no_abort)]\nfun pool_token_exchange_rate_at_epoch_loop_inv(\n    pool: &StakingPool,\n    epoch: u64,\n    activation_epoch: u64,\n): bool {\n    epoch >= activation_epoch\n        && staking_pool::exchange_rates(pool).contains(activation_epoch)\n}\n\n// @VERIFY(\ud83d\udee1\ufe0f/\u2705)\n#[spec(prove, target=staking_pool::pool_token_exchange_rate_at_epoch)]\nfun pool_token_exchange_rate_at_epoch_spec(\n    pool: &StakingPool,\n    epoch: u64,\n): PoolTokenExchangeRate {\n    requires(pool.is_preactive()\n        || staking_pool::exchange_rates(pool).contains(*staking_pool::activation_epoch(pool).borrow()));\n    staking_pool::pool_token_exchange_rate_at_epoch(pool, epoch)\n}\n\n"}
[FOXY_EVENT] {"type": "file_op", "op": "grep", "label": "fun exchange_rates in staking_pool.move"}
[FOXY_EVENT] {"type": "inspect", "text": ""}
[FOXY_EVENT] {"type": "file_op", "op": "grep", "label": "spec_exchange_rates_contains in staking_pool.move"}
[FOXY_EVENT] {"type": "inspect", "text": ""}
[FOXY_EVENT] {"type": "file_op", "op": "grep", "label": "exchange_rates in staking_pool.move"}
[FOXY_EVENT] {"type": "inspect", "text": ""}
[FOXY_EVENT] {"type": "inspect", "text": "56:    exchange_rates: Table<u64, PoolTokenExchangeRate>,\n124:        exchange_rates: table::new(ctx),\n360:        .exchange_rates\n448:    pool.exchange_rates.add(activation_epoch, initial_exchange_rate());\n606:        if (pool.exchange_rates.contains(epoch)) {\n607:            return pool.exchange_rates[epoch]\n617:    pool.exchange_rates.contains(epoch)\n630:public(package) fun exchange_rates(pool: &StakingPool): &Table<u64, PoolTokenExchangeRate> {\n631:    &pool.exchange_rates\n"}
[FOXY_EVENT] {"type": "file_op", "op": "read", "label": "/Users/cos/asymptotic/agent/clients/mysten/sui/crates/sui-framework/packages/sui-system/sources/staking_pool.move:610-635"}
[FOXY_EVENT] {"type": "inspect", "text": "    };\n    // This line really should be unreachable. Do we want an assert false here?\n    initial_exchange_rate()\n}\n\n/// Returns true if the pool has an exchange rate recorded for the given epoch.\npublic fun pool_has_exchange_rate_for_epoch(pool: &StakingPool, epoch: u64): bool {\n    pool.exchange_rates.contains(epoch)\n}\n\n/// Returns the total value of the pending staking requests for this staking pool.\npublic fun pending_stake_amount(staking_pool: &StakingPool): u64 {\n    staking_pool.pending_stake\n}\n\n/// Returns the total withdrawal from the staking pool this epoch.\npublic fun pending_stake_withdraw_amount(staking_pool: &StakingPool): u64 {\n    staking_pool.pending_total_sui_withdraw\n}\n\npublic(package) fun exchange_rates(pool: &StakingPool): &Table<u64, PoolTokenExchangeRate> {\n    &pool.exchange_rates\n}\n\npublic fun sui_amount(exchange_rate: &PoolTokenExchangeRate): u64 {\n    exchange_rate.sui_amount\n"}
[FOXY_EVENT] {"type": "inspect", "text": "specs compile: True"}
[FOXY_EVENT] {"type": "inspect", "text": "source compile: False"}
[FOXY_EVENT] {"type": "inspect", "text": "Compilation failed:\nerror: unbound module\n  \u250c\u2500 ./sources/genesis.move:6:5\n  \u2502\n6 \u2502 use sui::balance::{Self, Balance};\n  \u2502     ^^^^^^^^^^^^ Invalid 'use'. Unbound module: 'sui::balance'\n\nerror: unbound module\n  \u250c\u2500 ./sources/genesis.move:7:5\n  \u2502\n7 \u2502 use sui::sui::SUI;\n  \u2502     ^^^^^^^^ Invalid 'use'. Unbound module: 'sui::sui'\n\nerror: unexpected name in this position\n    \u250c\u2500 ./sources/genesis.move:138:24\n    \u2502\n138 \u2502     let storage_fund = balance::zero();\n    \u2502                        ^^^^^^^^^^^^^ Unexpected module identifier. A module identifier is not a valid expression\n\nerror: unexpected name in this position\n    \u250c\u2500 ./sources/genesis.move:199:17\n    \u2502\n199 \u2502                 transfer::public_transfer(allocation_balance.into_coin(ctx), recipient_address);\n    \u2502                 ^^^^^^^^^^^^^^^^^^^^^^^^^ Unexpected module identifier. A module identifier is not a valid expression\n\nerror: unbound module\n  \u250c\u2500 ./sources/stake_subsidy.move:6:5\n  \u2502\n6 \u2502 use sui::bag::{Self, Bag};\n  \u2502     ^^^^^^^^ Invalid 'use'. Unbound module: 'sui::bag'\n\nerror: unbound module\n  \u250c\u2500 ./sources/stake_subsidy.move:7:5\n  \u2502\n7 \u2502 use sui::balance::Balance;\n  \u2502     ^^^^^^^^^^^^ Invalid 'use'. Unbound module: 'sui::balance'\n\nerror: unbound module\n  \u250c\u2500 ./sources/stake_subsidy.move:8:5\n  \u2502\n8 \u2502 use sui::sui::SUI;\n  \u2502     ^^^^^^^^ Invalid 'use'. Unbound module: 'sui::sui'\n\nerror: unexpected name in this position\n   \u250c\u2500 ./sources/stake_subsidy.move:50:23\n   \u2502\n50 \u2502         extra_fields: bag::new(ctx),\n   \u2502                       ^^^^^^^^ Unexpected module identifier. A module identifier is not a valid expression\n\nerror: unbound module\n  \u250c\u2500 ./sources/staking_pool.move:7:5\n  \u2502\n7 \u2502 use sui::bag::{Self, Bag};\n  \u2502     ^^^^^^^^ Invalid 'use'. Unbound module: 'sui::bag'\n\nerror: unbound module\n  \u250c\u2500 ./sources/staking_pool.move:8:5\n  \u2502\n8 \u2502 use sui::balance::{Self, Balance};\n  \u2502     ^^^^^^^^^^^^ Invalid 'use'. Unbound module: 'sui::balance'\n\nerror: unbound module\n  \u250c\u2500 ./sources/staking_pool.move:9:5\n  \u2502\n9 \u2502 use sui::sui::SUI"}
[FOXY_EVENT] {"type": "inspect", "text": "{'status': 'started', 'fork_id': 82}"}
[FOXY_EVENT] {"type": "inspect", "text": "type: <class 'dict'>"}
[FOXY_EVENT] {"type": "inspect", "text": "status: success"}
[FOXY_EVENT] {"type": "inspect", "text": ""}
[FOXY_EVENT] {"type": "inspect", "text": "result: {'starting_state': 'stub', 'final_state': 'asserts_only', 'changes_made': ['Added loop invariant establishing abort-freedom via epoch >= activation_epoch guard', 'Added requires() precondition: pool.is_preactive() OR exchange_rates contains activation_epoch (structural invariant)', 'Removed ignore_abort attribute \u2014 abort-freedom now verified via loop invariant and precondition', 'Created public helper pool_has_exchange_rate_for_epoch() for prover access to table containment', 'All three prover phases (_Check, _Assume, _SpecNoAbortCheck) pass'], 'prover_runs': 1, 'prover_final': 'pass', 'issues': [], 'duration_seconds': 125}"}
[FOXY_EVENT] {"type": "inspect", "text": "response: "}
