SPEC SOURCE:
#[spec(prove, target=staking_pool::pool_token_exchange_rate_at_epoch, ignore_abort)]
fun pool_token_exchange_rate_at_epoch_spec(
    pool: &StakingPool,
    epoch: u64,
): PoolTokenExchangeRate {
    staking_pool::pool_token_exchange_rate_at_epoch(pool, epoch)
}
SPEC FILE: /Users/cos/asymptotic/agent/clients/mysten/sui/crates/sui-framework/packages/sui-system/specs/sources/staking_pool_specs.foxy/pool_token_exchange_rate_at_epoch_spec/spec.source.move
TARGET SOURCE:

CALLEES:
target keys: ['qualified_name', 'module', 'function_name', 'file_path', 'line_start', 'line_end', 'visibility', 'is_entry', 'function_type', 'attributes', 'source']
{'qualified_name': 'staking_pool::pool_token_exchange_rate_at_epoch', 'module': 'staking_pool', 'function_name': 'pool_token_exchange_rate_at_epoch', 'file_path': '/Users/cos/asymptotic/agent/clients/mysten/sui/crates/sui-framework/packages/sui-system/sources/staking_pool.move', 'line_start': 592, 'line_end': 613, 'visibility': 'public', 'is_entry': False, 'function_type': 'source', 'attributes': [], 'source': "public fun pool_token_exchange_rate_at_epoch(\n    pool: &StakingPool,\n    epoch: u64,\n): PoolTokenExchangeRate {\n    // If the pool is preactive then the exchange rate is always 1:1.\n    if (pool.is_preactive_at_epoch(epoch)) {\n        return initial_exchange_rate()\n    };\n    let clamped_epoch = pool.deactivation_epoch.get_with_default(epoch);\n    let mut epoch = clamped_epoch.min(epoch);\n    let activation_epoch = *pool.activation_epoch.borrow();\n\n    // Find the latest epoch that's earlier than the given epoch with an entry in the table\n    while (epoch >= activation_epoch) {\n        if (pool.exchange_rates.contains(epoch)) {\n            return pool.exchange_rates[epoch]\n        };\n        epoch = epoch - 1;\n    };\n    // This line really should be unreachable. Do we want an assert false here?\n    initial_exchange_rate()\n}"}
transitive count: 0
crates/sui-framework/packages/sui-system/sources/staking_pool.move:638:fun is_preactive_at_epoch(pool: &StakingPool, epoch: u64): bool {
crates/sui-framework/packages/sui-system/sources/staking_pool.move:448:    pool.exchange_rates.add(activation_epoch, initial_exchange_rate());
crates/sui-framework/packages/sui-system/sources/staking_pool.move:598:        return initial_exchange_rate()
crates/sui-framework/packages/sui-system/sources/staking_pool.move:612:    initial_exchange_rate()
crates/sui-framework/packages/sui-system/sources/staking_pool.move:663:fun initial_exchange_rate(): PoolTokenExchangeRate {

/// Returns true if the provided staking pool is preactive at the provided epoch.
fun is_preactive_at_epoch(pool: &StakingPool, epoch: u64): bool {
    // Either the pool is currently preactive or the pool's starting epoch is later than the provided epoch.
    pool.is_preactive() || (*pool.activation_epoch.borrow() > epoch)
}

fun get_sui_amount(exchange_rate: &PoolTokenExchangeRate, token_amount: u64): u64 {
    // When either amount is 0, that means we have no stakes with this pool.
    // The other amount might be non-zero when there's dust left in the pool.
    if (exchange_rate.sui_amount == 0 || exchange_rate.pool_token_amount == 0) {
        return token_amount
    };

    mul_div!(exchange_rate.sui_amount, token_amount, exchange_rate.pool_token_amount)
}

fun get_token_amount(exchange_rate: &PoolTokenExchangeRate, sui_amount: u64): u64 {
    // When either amount is 0, that means we have no stakes with this pool.
    // The other amount might be non-zero when there's dust left in the pool.
    if (exchange_rate.sui_amount == 0 || exchange_rate.pool_token_amount == 0) {
        return sui_amount
    };

    mul_div!(exchange_rate.pool_token_amount, sui_amount, exchange_rate.sui_amount)
}

fun initial_exchange_rate(): PoolTokenExchangeRate {
    PoolTokenExchangeRate { sui_amount: 0, pool_token_amount: 0 }
}

fun check_balance_invariants(pool: &StakingPool, epoch: u64) {
    let exchange_rate = pool.pool_token_exchange_rate_at_epoch(epoch);
    // check that the pool token balance and sui balance ratio matches the exchange rate stored.
    let expected = exchange_rate.get_token_amount(pool.sui_balance);
crates/sui-framework/packages/sui-system/sources/staking_pool.move:493:public fun is_preactive(pool: &StakingPool): bool {
crates/sui-framework/packages/sui-system/sources/validator.move:445:public fun is_preactive(self: &Validator): bool {
crates/sui-framework/packages/sui-system/sources/staking_pool.move:42:    activation_epoch: Option<u64>,
crates/sui-framework/packages/sui-system/sources/staking_pool.move:45:    deactivation_epoch: Option<u64>,
crates/sui-framework/packages/sui-system/sources/staking_pool.move:80:    stake_activation_epoch: u64,
crates/sui-framework/packages/sui-system/sources/staking_pool.move:119:        activation_epoch: option::none(),
crates/sui-framework/packages/sui-system/sources/staking_pool.move:120:        deactivation_epoch: option::none(),
crates/sui-framework/packages/sui-system/sources/staking_pool.move:138:    stake_activation_epoch: u64,
crates/sui-framework/packages/sui-system/sources/staking_pool.move:446:public(package) fun activate_staking_pool(pool: &mut StakingPool, activation_epoch: u64) {
crates/sui-framework/packages/sui-system/sources/staking_pool.move:461:public(package) fun deactivate_staking_pool(pool: &mut StakingPool, deactivation_epoch: u64) {
crates/sui-framework/packages/sui-system/sources/staking_pool.move:557:        stake_activation_epoch: self.stake_activation_epoch,
crates/sui-framework/packages/sui-system/sources/validator.move:148:    stake_activation_epoch: u64,
crates/sui-framework/packages/sui-system/sources/validator.move:157:    stake_activation_epoch: u64,
crates/sui-framework/packages/sui-system/sources/validator.move:266:public(package) fun deactivate(self: &mut Validator, deactivation_epoch: u64) {
crates/sui-framework/packages/sui-system/sources/validator.move:271:public(package) fun activate(self: &mut Validator, activation_epoch: u64) {
crates/sui-framework/packages/sui-system/sources/staking_pool.move:56:    exchange_rates: Table<u64, PoolTokenExchangeRate>,
crates/sui-framework/packages/sui-system/sources/staking_pool.move:124:        exchange_rates: table::new(ctx),
}

/// Returns true if the input staking pool is preactive.
public fun is_preactive(pool: &StakingPool): bool {
    pool.activation_epoch.is_none()
}

/// Returns the activation epoch of the `StakingPool`. For validator candidates,
/// or pending validators, the value returned is `None`. For active validators,
/// the value is the epoch before the validator was activated.
public(package) fun activation_epoch(pool: &StakingPool): Option<u64> {


/// A staking pool embedded in each validator struct in the system state object.
public struct StakingPool has key, store {
    id: UID,
    /// The epoch at which this pool became active.
    /// The value is `None` if the pool is pre-active and `Some(<epoch_number>)` if active or inactive.
    activation_epoch: Option<u64>,
    /// The epoch at which this staking pool ceased to be active. `None` = {pre-active, active},
    /// `Some(<epoch_number>)` if in-active, and it was de-activated at epoch `<epoch_number>`.
    deactivation_epoch: Option<u64>,
    /// The total number of SUI tokens in this pool, including the SUI in the rewards_pool, as well as in all the principal
    /// in the `StakedSui` object, updated at epoch boundaries.
    sui_balance: u64,
    /// The epoch stake rewards will be added here at the end of each epoch.
    rewards_pool: Balance<SUI>,
    /// Total number of pool tokens issued by the pool.
    pool_token_balance: u64,
    /// Exchange rate history of previous epochs. Key is the epoch number.
    /// The entries start from the `activation_epoch` of this pool and contains exchange rates at the beginning of each epoch,
    /// i.e., right after the rewards for the previous epoch have been deposited into the pool.
    exchange_rates: Table<u64, PoolTokenExchangeRate>,
    /// Pending stake amount for this epoch, emptied at epoch boundaries.
    pending_stake: u64,
    /// Pending stake withdrawn during the current epoch, emptied at epoch boundaries.
    /// This includes both the principal and rewards SUI withdrawn.
module specs::staking_pool_specs;

use sui::tx_context::TxContext;

use sui_system::staking_pool::PoolTokenExchangeRate;

use sui_system::staking_pool::StakingPool;

use sui_system::staking_pool::StakedSui;

use sui_system::staking_pool;
use sui_system::staking_pool::FungibleStakedSui;
use sui::object::ID;

#[spec_only]
use prover::prover::{asserts, ensures};
#[spec_only]
use prover::ghost;
#[spec_only]
use specs::transfer_spec::{SpecTransferAddress, SpecTransferAddressExists};

const MIN_STAKING_THRESHOLD: u64 = 1_000_000_000;

// @VERIFY(🛡️/✅)
#[spec(prove, target=staking_pool::fungible_staked_sui_pool_id, no_opaque)]
fun fungible_staked_sui_pool_id_spec(
    fungible_staked_sui: &FungibleStakedSui,
): ID {
    staking_pool::fungible_staked_sui_pool_id(fungible_staked_sui)
}

// @VERIFY(🛡️/✅)
#[spec(prove, target=staking_pool::fungible_staked_sui_value, no_opaque)]
fun fungible_staked_sui_value_spec(
    fungible_staked_sui: &FungibleStakedSui,
): u64 {
    staking_pool::fungible_staked_sui_value(fungible_staked_sui)
}

// @VERIFY(⚙️/✅)
file length lines: 208
'pool_token_exchange_rate_at_epoch' in file: True
'pool_token_exchange_rate' occurrences: 3

,
): u64 {
    staking_pool::pool_token_amount(exchange_rate)
}

#[spec(prove, target=staking_pool::pool_token_exchange_rate_at_epoch, ignore_abort)]
fun pool_token_exchange_rate_at_epoch_spec(
    pool: &StakingPool,
  
---
e_rate)
}

#[spec(prove, target=staking_pool::pool_token_exchange_rate_at_epoch, ignore_abort)]
fun pool_token_exchange_rate_at_epoch_spec(
    pool: &StakingPool,
    epoch: u64,
): PoolTokenExchangeRate {
    staking_p
---
at_epoch_spec(
    pool: &StakingPool,
    epoch: u64,
): PoolTokenExchangeRate {
    staking_pool::pool_token_exchange_rate_at_epoch(pool, epoch)
}

#[spec(prove, target=staking_pool::split, ignore_abort, no_opaque)]
fu
---
public(package) fun activate_staking_pool(pool: &mut StakingPool, activation_epoch: u64) {
    // Add the initial exchange rate to the table.
    pool.exchange_rates.add(activation_epoch, initial_exchange_rate());
    // Check that the pool is preactive and not inactive.
    assert!(pool.is_preactive(), EPoolAlreadyActive);
    assert!(!pool.is_inactive(), EActivationOfInactivePool);
    // Fill in the active epoch.
    pool.activation_epoch.fill(activation_epoch);
}

// ==== inactive pool related ====

/// Deactivate a staking pool by setting the `deactivation_epoch`. After
/// this pool deactivation, the pool stops earning rewards. Only stake
/// withdraws can be made to the pool.
public(package) fun deactivate_staking_pool(pool: &mut StakingPool, deactivation_epoch: u64) {
    // We can't deactivate an already deactivated pool.

present: True



/// Returns the activation epoch of the `StakingPool`. For validator candidates,
/// or pending validators, the value returned is `None`. For active validators,
/// the value is the epoch before the validator was activated.
public(package) fun activation_epoch(pool: &StakingPool): Option<u64> {
    pool.activation_epoch
}

/// Returns true if the input staking pool is inactive.
public fun is_inactive(pool: &StakingPool): bool {
    pool.deactivation_epoch.is_some()
}

public use fun fungible_staked_sui_value as FungibleStakedSui.value;

public fun fungible_staked_sui_value(fungible_staked_sui: &FungibleStakedSui): u64 {
    fungible_staked_sui.value
}

public use fun split_fungible_staked_sui as FungibleStakedSui.split;

public fun split_fungible_staked_sui(
    fungible_staked_sui: &mut FungibleStakedSui,
    split_amount: u64,
    ctx: &mut TxContext,
): FungibleStakedSui {
    assert!(split_amount <= fungible_staked_sui.value, EInsufficientPoolTokenBalance);

    fungible_staked_sui.value = fungible_staked_sui.value - split_amount;

    FungibleStakedSui {
        id: object::new(ctx),
        pool_id: fungible_staked_sui.pool_id,
        value: split_amount,
    }
    let StakedSui { id, principal, .. } = other;

    id.delete();
    self.principal.join(principal);
}

/// Returns true if all the staking parameters of the staked sui except the principal are identical
public fun is_equal_staking_metadata(self: &StakedSui, other: &StakedSui): bool {
    (self.pool_id == other.pool_id) &&
    (self.stake_activation_epoch == other.stake_activation_epoch)
}

public fun pool_token_exchange_rate_at_epoch(
    pool: &StakingPool,
    epoch: u64,
): PoolTokenExchangeRate {
    // If the pool is preactive then the exchange rate is always 1:1.
    if (pool.is_preactive_at_epoch(epoch)) {
        return initial_exchange_rate()
    };
    let clamped_epoch = pool.deactivation_epoch.get_with_default(epoch);
    let mut epoch = clamped_epoch.min(epoch);
    let activation_epoch = *pool.activation_epoch.borrow();

    // Find the latest epoch that's earlier than the given epoch with an entry in the table
    while (epoch >= activation_epoch) {
        if (pool.exchange_rates.contains(epoch)) {
            return pool.exchange_rates[epoch]
        };
        epoch = epoch - 1;
    };
    // This line really should be unreachable. Do we want an assert false here?
    initial_exchange_rate()
}

/// Returns the total value of the pending staking requests for this staking pool.
anchor present: True
['sources/staking_pool_specs.move']
/Users/cos/.move/https___github_com_MystenLabs_sui_git_testnet/crates/sui-framework/packages/sui-framework/tests/prover_tests.move
/Users/cos/.move/https___github_com_MystenLabs_sui_git_testnet/crates/sui-framework/packages/sui-framework/sources/prover.move
/Users/cos/.move/https___github_com_MystenLabs_sui_git_testnet-v1.52.1/external-crates/move/tooling/tree-sitter/tests/prover.move
/Users/cos/.move/https___github_com_MystenLabs_sui_git_testnet-v1.52.1/crates/sui-framework/packages/sui-framework/tests/prover_tests.move
/Users/cos/.move/https___github_com_MystenLabs_sui_git_testnet-v1.52.1/crates/sui-framework/packages/sui-framework/sources/prover.move
/Users/cos/.move/https___github_com_MystenLabs_sui_git_edfb00f26f1e5d967a71ccba828e6c01dfb9db0d/crates/sui-framework/packages/sui-framework/tests/prover_tests.move
/Users/cos/.move/https___github_com_MystenLabs_sui_git_edfb00f26f1e5d967a71ccba828e6c01dfb9db0d/crates/sui-framework/packages/sui-framework/sources/prover.move
/Users/cos/.move/https___github_com_MystenLabs_sui_git_mainnet/crates/sui-framework/packages/sui-framework/tests/prover_tests.move
/Users/cos/.move/https___github_com_MystenLabs_sui_git_mainnet/crates/sui-framework/packages/sui-framework/sources/prover.move
/Users/cos/.move/https___github_com_asymptotic-code_sui_git_next/crates/sui-framework/packages/sui-framework/tests/prover_tests.move
/Users/cos/.move/https___github_com_asymptotic-code_sui_git_next/crates/sui-framework/packages/sui-framework/sources/prover

ERR:ls: /Users/cos/.move/https___github_com_asymptotic-code_sui_git_next/crates/sui-framework/packages/sui-framework/sources/prover: No such file or directory
/Users/cos/.move/https___github_com_asymptotic-code_sui_git_next/external-crates/move/crates/move-compiler/tests/move_2024/typing/let_mut_assign_loop_invalid.snap
/Users/cos/.move/https___github_com_asymptotic-code_sui_git_next/external-crates/move/crates/move-compiler/tests/move_check/liveness/dead_refs_loop_invalid.snap
/Users/cos/.move/https___github_com_asymptotic-code_sui_git_next/external-crates/move/crates/move-compiler/src/shared/known_attributes.rs
/Users/cos/.move/https___github_com_asymptotic-code_sui_git_next/external-crates/move/crates/move-compiler/src/parser/attributes.rs
/Users/cos/.move/https___github_com_asymptotic-code_sui_git_next/external-crates/move/crates/move-compiler/src/parser/ast.rs
/Users/cos/.move/https___github_com_asymptotic-code_sui_git_next/external-crates/move/crates/move-compiler/src/expansion/attributes.rs
/Users/cos/.move/https___github_com_asymptotic-code_sui_git_next/external-crates/move/crates/move-stackless-bytecode/src/stackless_bytecode_generator.rs
/Users/cos/.move/https___github_com_asymptotic-code_sui_git_next/external-crates/move/crates/move-stackless-bytecode/src/function_target.rs
/Users/cos/.move/https___github_com_asymptotic-code_sui_git_next/external-crates/move/crates/move-stackless-bytecode/src/loop_analysis.rs
/Users/cos/.move/https___github_com_asymptotic-code_sui_git_next/.git/index

prover.move ext:
/Users/cos/.move/https___github_com_asymptotic-code_sui_git_next/crates/sui-framework/packages/move-stdlib/sources/q_ray.move
/Users/cos/.move/https___github_com_asymptotic-code_sui_git_next/crates/sui-framework/packages/move-stdlib/sources/string.move
/Users/cos/.move/https___github_com_asymptotic-code_sui_git_next/crates/sui-framework/packages/move-stdlib/sources/address.move
/Users/cos/.move/https___github_com_asymptotic-code_sui_git_next/crates/sui-framework/packages/move-stdlib/sources/u256.move
/Users/cos/.move/https___github_com_asymptotic-code_sui_git_next/crates/sui-framework/packages/move-stdlib/sources/u128.move
/Users/cos/.move/https___github_com_asymptotic-code_sui_git_next/crates/sui-framework/packages/move-stdlib/sources/option.move
/Users/cos/.move/https___github_com_asymptotic-code_sui_git_next/crates/sui-framework/packages/move-stdlib/sources/bit_vector.move
/Users/cos/.move/https___github_com_asymptotic-code_sui_git_next/crates/sui-framework/packages/move-stdlib/sources/u16.move
/Users/cos/.move/https___github_com_asymptotic-code_sui_git_next/crates/sui-framework/packages/move-stdlib/sources/u8.move
/Users/cos/.move/https___github_com_asymptotic-code_sui_git_next/crates/sui-framework/packages/move-stdlib/sources/q_wad.move
/Users/cos/.move/https___github_com_asymptotic-code_sui_git_next/crates/sui-framework/packages/move-stdlib/sources/ascii.move
/Users/cos/.move/https___github_com_asymptotic-code_sui_git_next/crates/sui-framework/packages/move-stdlib/sources/type_name.move
/Users/cos/.move/https___github_com_asymptotic-code_sui_git_next/crates/sui-framework/packages/move-stdlib/sources/integer.move
/Users/cos/.move/https___github_com_asymptotic-code_sui_git_next/crates/sui-framework/packages/move-stdlib/sources/fixed_point32.move
/Users/cos/.move/https___github_com_asymptotic-code_sui_git_next/crates/sui-framework/packages/move-stdlib/sources/q64.move
/Users/cos/.move/https___github_com_asymptotic-code_sui_git_next/crates/sui-framework/packages/m
88:#[ext(pure)]
files with loop_inv:

    bitvector.bit_field[bit_index]
}

/// Return the length (number of usable bits) of this bitvector
#[ext(pure)]
public fun length(bitvector: &BitVector): u64 {
    bitvector.bit_field.length()
}

/// Returns the length of the longest sequence of set bits starting at (and
/// including) `start_index` in the `bitvector`. If there is no such
/// sequence, then `0` is returned.
added accessor
{'prove': True, 'skip': False, 'skip_reason': None, 'target': 'staking_pool::pool_token_exchange_rate_at_epoch', 'no_opaque': False, 'timeout': None, 'spec_only': False, 'focus': False, 'ignore_abort': True, 'uninterpreted': [], 'include': [], 'boogie_opt': [], 'extra_bpl': []}
}

public fun pool_token_exchange_rate_at_epoch(
    pool: &StakingPool,
    epoch: u64,
): PoolTokenExchangeRate {
    // If the pool is preactive then the exchange rate is always 1:1.
    if (pool.is_preactive_at_epoch(epoch)) {
        return initial_exchange_rate()
    };
    let clamped_epoch = pool.deactivation_epoch.get_with_default(epoch);
    let mut epoch = clamped_epoch.min(epoch);
    let activation_epoch = *pool.activation_epoch.borrow();

    // Find the latest epoch that's earlier than the given epoch with an entry in the table
    while (epoch >= activation_epoch) {
        if (pool.exchange_rates.contains(epoch)) {
            return pool.exchange_rates[epoch]
        };
        epoch = epoch - 1;
    };
    // This line really should be unreachable. Do we want an assert false here?
    initial_exchange_rate()
}

#[test_only, ext(pure)]
public fun spec_exchange_rates_contains(pool: &StakingPool, epoch: u64): bool {
    pool.exchange_rates.contains(epoch)
}

/// Returns the total value of the pending staking requests for this staking pool.
public fun pending_stake_amount(staking_pool: &StakingPool): u64 {
    staking_pool.pending_stake
}

old present: True
edits applied
en_amount(exchange_rate)
}

#[spec_only(loop_inv(target = staking_pool::pool_token_exchange_rate_at_epoch)), ext(no_abort)]
fun pool_token_exchange_rate_at_epoch_loop_inv(
    pool: &StakingPool,
    epoch: u64,
    activation_epoch: u64,
): bool {
    epoch >= activation_epoch
        && staking_pool::spec_exchange_rates_contains(pool, activation_epoch)
}

// @VERIFY(🛡️/✅)
#[spec(prove, target=staking_pool::pool_token_exchange_rate_at_epoch)]
fun pool_token_exchange_rate_at_epoch_spec(
    pool: &StakingPool,
    epoch: u64,
): PoolTokenExchangeRate {
    requires(pool.activation_epoch().is_none()
        || staking_pool::spec_exchange_rates_contains(pool, *pool.activation_epoch().borrow()));
    staking_pool::pool_token_exchange_rate_at_epoch(pool, epoch)
}

#[spec(prove, targe
['/Users/cos/asymptotic/agent/clients/mysten/sui/crates/sui-framework/packages/sui-system', '/Users/cos/asymptotic/agent/clients/mysten/sui/crates/sui-framework/packages/sui-system/specs']
<class 'NoneType'> : None
#1 prove-from-scratch/improve/attempt-1 (1 items) [running] 1996s
#64 prove-pending_stake_withdraw_amount [error] 523s
#65 prove-pending_stake_withdraw_amount [done] 523s
#66 sui-prover: specs [done] 519s
#67 function_local_accesses [done] 491s
I need to analyze the `pool_id_spec` function body directly.

The function body contains a single call: `staking_pool::pool_id(staked_sui)` — this is a function call, not a field access. The parameter `staked_sui: &StakedSui` is passed by reference to the function, which is just an argument pass, not a field access.

There are no static field accesses, dynamic field accesses, transfers, or emits directly in this function body.

```json
{"reads": [], "writes": [], "dynamic_reads": [], "dynamic_writes": [], "transfers": [], "emits": []}
```
#68 prove-pool_id_spec [error] 422s
#69 prove-pool_id_spec [done] 422s
#70 sui-prover: specs [done] 419s
#71 prove-pool_token_amount_spec [error] 306s
#72 prove-pool_token_amount_spec [done] 306s
#73 sui-prover: specs [done] 301s
#74 function_local_accesses [done] 264s
{"reads": [{"reads": [["staking_pool::StakingPool", "exchange_rates", ["table::Table<u64, staking_pool::PoolTokenExchangeRate>"]]]}], "writes": [], "dynamic_reads": [], "dynamic_writes": [], "transfers": [], "emits": []}

Wait, let me re-analyze this carefully.

The function body is:
```move
staking_pool::pool_token_exchange_rate_at_epoch(pool, epoch)
```

This is simply a function call passing `pool` by reference. There are no direct field accesses in this function body — no dot accesses, no struct packing, no destructuring, no dynamic field ops, no transfers, no emits.

{"reads": [], "writes": [], "dynamic_reads": [], "dynamic_writes": [], "transfers": [], "emits": []}
#75 prove-exch-rate [error] 6s
#76 prove-exch-rate [running] 6s
#77 sui-prover: specs [error] 2s
TASK 75 (error):
{'status': 'error', 'error': 'fork setup timed out'}
TASK 77 (error):
{'status': 'error', 'error': 'exit code 1'}
no log
76 status: running
success: True

All three phases pass.
All three phases pass.
RESULT struct: {'summary': 'PASS pool_token_exchange_rate_at_epoch_spec (_Check, _Assume, _SpecNoAbortCheck)\n\nTotal: 1 passed / 0 failed / 0 timeout', 'pass': ['pool_token_exchange_rate_at_epoch_spec'], 'fail': [], 'timeout': [], 'exit_code': 0}
only(loop_inv(target = staking_pool::pool_token_exchange_rate_at_epoch)), ext(no_abort)]
fun pool_token_exchange_rate_at_epoch_loop_inv(
    pool: &StakingPool,
    epoch: u64,
    activation_epoch: u64,
): bool {
    epoch >= activation_epoch
        && staking_pool::exchange_rates(pool).contains(activation_epoch)
}

// @VERIFY(🛡️/✅)
#[spec(prove, target=staking_pool::pool_token_exchange_rate_at_epoch)]
fun pool_token_exchange_rate_at_epoch_spec(
    pool: &StakingPool,
    epoch: u64,
): PoolTokenExchangeRate {
    requires(pool.is_preactive()
        || staking_pool::exchange_rates(pool).contains(*staking_pool::activation_epoch(pool).borrow()));
    staking_pool::pool_token_exchange_rate_at_epoch(pool, epoch)
}


56:    exchange_rates: Table<u64, PoolTokenExchangeRate>,
124:        exchange_rates: table::new(ctx),
360:        .exchange_rates
448:    pool.exchange_rates.add(activation_epoch, initial_exchange_rate());
606:        if (pool.exchange_rates.contains(epoch)) {
607:            return pool.exchange_rates[epoch]
617:    pool.exchange_rates.contains(epoch)
630:public(package) fun exchange_rates(pool: &StakingPool): &Table<u64, PoolTokenExchangeRate> {
631:    &pool.exchange_rates
    };
    // This line really should be unreachable. Do we want an assert false here?
    initial_exchange_rate()
}

/// Returns true if the pool has an exchange rate recorded for the given epoch.
public fun pool_has_exchange_rate_for_epoch(pool: &StakingPool, epoch: u64): bool {
    pool.exchange_rates.contains(epoch)
}

/// Returns the total value of the pending staking requests for this staking pool.
public fun pending_stake_amount(staking_pool: &StakingPool): u64 {
    staking_pool.pending_stake
}

/// Returns the total withdrawal from the staking pool this epoch.
public fun pending_stake_withdraw_amount(staking_pool: &StakingPool): u64 {
    staking_pool.pending_total_sui_withdraw
}

public(package) fun exchange_rates(pool: &StakingPool): &Table<u64, PoolTokenExchangeRate> {
    &pool.exchange_rates
}

public fun sui_amount(exchange_rate: &PoolTokenExchangeRate): u64 {
    exchange_rate.sui_amount
specs compile: True
source compile: False
Compilation failed:
error: unbound module
  ┌─ ./sources/genesis.move:6:5
  │
6 │ use sui::balance::{Self, Balance};
  │     ^^^^^^^^^^^^ Invalid 'use'. Unbound module: 'sui::balance'

error: unbound module
  ┌─ ./sources/genesis.move:7:5
  │
7 │ use sui::sui::SUI;
  │     ^^^^^^^^ Invalid 'use'. Unbound module: 'sui::sui'

error: unexpected name in this position
    ┌─ ./sources/genesis.move:138:24
    │
138 │     let storage_fund = balance::zero();
    │                        ^^^^^^^^^^^^^ Unexpected module identifier. A module identifier is not a valid expression

error: unexpected name in this position
    ┌─ ./sources/genesis.move:199:17
    │
199 │                 transfer::public_transfer(allocation_balance.into_coin(ctx), recipient_address);
    │                 ^^^^^^^^^^^^^^^^^^^^^^^^^ Unexpected module identifier. A module identifier is not a valid expression

error: unbound module
  ┌─ ./sources/stake_subsidy.move:6:5
  │
6 │ use sui::bag::{Self, Bag};
  │     ^^^^^^^^ Invalid 'use'. Unbound module: 'sui::bag'

error: unbound module
  ┌─ ./sources/stake_subsidy.move:7:5
  │
7 │ use sui::balance::Balance;
  │     ^^^^^^^^^^^^ Invalid 'use'. Unbound module: 'sui::balance'

error: unbound module
  ┌─ ./sources/stake_subsidy.move:8:5
  │
8 │ use sui::sui::SUI;
  │     ^^^^^^^^ Invalid 'use'. Unbound module: 'sui::sui'

error: unexpected name in this position
   ┌─ ./sources/stake_subsidy.move:50:23
   │
50 │         extra_fields: bag::new(ctx),
   │                       ^^^^^^^^ Unexpected module identifier. A module identifier is not a valid expression

error: unbound module
  ┌─ ./sources/staking_pool.move:7:5
  │
7 │ use sui::bag::{Self, Bag};
  │     ^^^^^^^^ Invalid 'use'. Unbound module: 'sui::bag'

error: unbound module
  ┌─ ./sources/staking_pool.move:8:5
  │
8 │ use sui::balance::{Self, Balance};
  │     ^^^^^^^^^^^^ Invalid 'use'. Unbound module: 'sui::balance'

error: unbound module
  ┌─ ./sources/staking_pool.move:9:5
  │
9 │ use sui::sui::SUI
{'status': 'started', 'fork_id': 82}
type: <class 'dict'>
status: success
result: {'starting_state': 'stub', 'final_state': 'asserts_only', 'changes_made': ['Added loop invariant establishing abort-freedom via epoch >= activation_epoch guard', 'Added requires() precondition: pool.is_preactive() OR exchange_rates contains activation_epoch (structural invariant)', 'Removed ignore_abort attribute — abort-freedom now verified via loop invariant and precondition', 'Created public helper pool_has_exchange_rate_for_epoch() for prover access to table containment', 'All three prover phases (_Check, _Assume, _SpecNoAbortCheck) pass'], 'prover_runs': 1, 'prover_final': 'pass', 'issues': [], 'duration_seconds': 125}
response: 
